
 Start         Length     Name                   Class
 0001:00401000 0007C0A4H .text                   CODE
 0002:0047E000 000008CCH .itext                  ICODE
 0003:0047F000 00002208H .data                   DATA
 0004:00482000 00005200H .bss                    BSS
 0005:00000000 0000003CH .tls                    TLS


Detailed map of segments

 0001:00000000 000067AB C=CODE     S=.text    G=(none)   M=System   ACBP=A9
 0001:000067AC 00000105 C=CODE     S=.text    G=(none)   M=SysInit  ACBP=A9
 0001:000068B4 000002F8 C=CODE     S=.text    G=(none)   M=Types    ACBP=A9
 0001:00006BAC 00000DC0 C=CODE     S=.text    G=(none)   M=Windows  ACBP=A9
 0001:0000796C 000000A1 C=CODE     S=.text    G=(none)   M=Messages ACBP=A9
 0001:00007A10 000000D6 C=CODE     S=.text    G=(none)   M=ActiveX  ACBP=A9
 0001:00007AE8 00000310 C=CODE     S=.text    G=(none)   M=SysConst ACBP=A9
 0001:00007DF8 00000138 C=CODE     S=.text    G=(none)   M=RTLConsts ACBP=A9
 0001:00007F30 00000230 C=CODE     S=.text    G=(none)   M=Character ACBP=A9
 0001:00008160 00009912 C=CODE     S=.text    G=(none)   M=SysUtils ACBP=A9
 0001:00011A74 000007FA C=CODE     S=.text    G=(none)   M=VarUtils ACBP=A9
 0001:00012270 00006B24 C=CODE     S=.text    G=(none)   M=Variants ACBP=A9
 0001:00018D94 00000C7F C=CODE     S=.text    G=(none)   M=TypInfo  ACBP=A9
 0001:00019A14 0000BAB5 C=CODE     S=.text    G=(none)   M=Classes  ACBP=A9
 0001:000254CC 000001A9 C=CODE     S=.text    G=(none)   M=Contnrs  ACBP=A9
 0001:00025678 00001826 C=CODE     S=.text    G=(none)   M=HelpIntfs ACBP=A9
 0001:00026EA0 00000876 C=CODE     S=.text    G=(none)   M=MultiMon ACBP=A9
 0001:00027718 0000023C C=CODE     S=.text    G=(none)   M=CommCtrl ACBP=A9
 0001:00027954 00000318 C=CODE     S=.text    G=(none)   M=Consts   ACBP=A9
 0001:00027C6C 00000065 C=CODE     S=.text    G=(none)   M=IniFiles ACBP=A9
 0001:00027CD4 00000651 C=CODE     S=.text    G=(none)   M=Registry ACBP=A9
 0001:00028328 0000A27E C=CODE     S=.text    G=(none)   M=Graphics ACBP=A9
 0001:000325A8 00000BC2 C=CODE     S=.text    G=(none)   M=SyncObjs ACBP=A9
 0001:0003316C 00000F71 C=CODE     S=.text    G=(none)   M=UxTheme  ACBP=A9
 0001:000340E0 000001E0 C=CODE     S=.text    G=(none)   M=DwmApi   ACBP=A9
 0001:000342C0 0000178A C=CODE     S=.text    G=(none)   M=GraphUtil ACBP=A9
 0001:00035A4C 000085E8 C=CODE     S=.text    G=(none)   M=StdCtrls ACBP=A9
 0001:0003E034 0000003A C=CODE     S=.text    G=(none)   M=Printers ACBP=A9
 0001:0003E070 00000047 C=CODE     S=.text    G=(none)   M=WideStrUtils ACBP=A9
 0001:0003E0B8 0000003A C=CODE     S=.text    G=(none)   M=Clipbrd  ACBP=A9
 0001:0003E0F4 000000CD C=CODE     S=.text    G=(none)   M=Buttons  ACBP=A9
 0001:0003E1C4 00000094 C=CODE     S=.text    G=(none)   M=ExtDlgs  ACBP=A9
 0001:0003E258 00000072 C=CODE     S=.text    G=(none)   M=Mapi     ACBP=A9
 0001:0003E2CC 0000004D C=CODE     S=.text    G=(none)   M=ExtActns ACBP=A9
 0001:0003E31C 00000FF2 C=CODE     S=.text    G=(none)   M=ExtCtrls ACBP=A9
 0001:0003F310 000016A9 C=CODE     S=.text    G=(none)   M=ComCtrls ACBP=A9
 0001:000409BC 0000388C C=CODE     S=.text    G=(none)   M=Dialogs  ACBP=A9
 0001:00044248 00000139 C=CODE     S=.text    G=(none)   M=StdActns ACBP=A9
 0001:00044384 000003AE C=CODE     S=.text    G=(none)   M=FlatSB   ACBP=A9
 0001:00044734 00008145 C=CODE     S=.text    G=(none)   M=Menus    ACBP=A9
 0001:0004C87C 00016634 C=CODE     S=.text    G=(none)   M=Controls ACBP=A9
 0001:00062EB0 00000E62 C=CODE     S=.text    G=(none)   M=Themes   ACBP=A9
 0001:00063D14 000018F9 C=CODE     S=.text    G=(none)   M=ImgList  ACBP=A9
 0001:00065610 00001542 C=CODE     S=.text    G=(none)   M=ActnList ACBP=A9
 0001:00066B54 0000F920 C=CODE     S=.text    G=(none)   M=Forms    ACBP=A9
 0001:00076474 00000028 C=CODE     S=.text    G=(none)   M=ComConst ACBP=A9
 0001:0007649C 000013CF C=CODE     S=.text    G=(none)   M=ComObj   ACBP=A9
 0001:0007786C 00000008 C=CODE     S=.text    G=(none)   M=OleConst ACBP=A9
 0001:00077874 0000090E C=CODE     S=.text    G=(none)   M=OleServer ACBP=A9
 0001:00078184 00001CC7 C=CODE     S=.text    G=(none)   M=SpeechLib_TLB ACBP=A9
 0001:00079E4C 00001FF5 C=CODE     S=.text    G=(none)   M=TTS1     ACBP=A9
 0001:0007BE44 00000260 C=CODE     S=.text    G=(none)   M=TTTS     ACBP=A9
 0002:00000000 000000AE C=ICODE    S=.itext   G=(none)   M=System   ACBP=A9
 0002:000000B0 00000011 C=ICODE    S=.itext   G=(none)   M=Windows  ACBP=A9
 0002:000000C4 00000094 C=ICODE    S=.itext   G=(none)   M=SysUtils ACBP=A9
 0002:00000158 0000000F C=ICODE    S=.itext   G=(none)   M=VarUtils ACBP=A9
 0002:00000168 000000AA C=ICODE    S=.itext   G=(none)   M=Variants ACBP=A9
 0002:00000214 00000008 C=ICODE    S=.itext   G=(none)   M=TypInfo  ACBP=A9
 0002:0000021C 00000092 C=ICODE    S=.itext   G=(none)   M=Classes  ACBP=A9
 0002:000002B0 00000008 C=ICODE    S=.itext   G=(none)   M=HelpIntfs ACBP=A9
 0002:000002B8 0000000F C=ICODE    S=.itext   G=(none)   M=MultiMon ACBP=A9
 0002:000002C8 00000008 C=ICODE    S=.itext   G=(none)   M=IniFiles ACBP=A9
 0002:000002D0 00000008 C=ICODE    S=.itext   G=(none)   M=Registry ACBP=A9
 0002:000002D8 000000FB C=ICODE    S=.itext   G=(none)   M=Graphics ACBP=A9
 0002:000003D4 0000000F C=ICODE    S=.itext   G=(none)   M=SyncObjs ACBP=A9
 0002:000003E4 0000001B C=ICODE    S=.itext   G=(none)   M=UxTheme  ACBP=A9
 0002:00000400 00000008 C=ICODE    S=.itext   G=(none)   M=DwmApi   ACBP=A9
 0002:00000408 00000086 C=ICODE    S=.itext   G=(none)   M=GraphUtil ACBP=A9
 0002:00000490 00000008 C=ICODE    S=.itext   G=(none)   M=Printers ACBP=A9
 0002:00000498 00000078 C=ICODE    S=.itext   G=(none)   M=Clipbrd  ACBP=A9
 0002:00000510 00000025 C=ICODE    S=.itext   G=(none)   M=Buttons  ACBP=A9
 0002:00000538 00000014 C=ICODE    S=.itext   G=(none)   M=ExtDlgs  ACBP=A9
 0002:0000054C 00000008 C=ICODE    S=.itext   G=(none)   M=Mapi     ACBP=A9
 0002:00000554 00000008 C=ICODE    S=.itext   G=(none)   M=ExtActns ACBP=A9
 0002:0000055C 00000054 C=ICODE    S=.itext   G=(none)   M=ExtCtrls ACBP=A9
 0002:000005B0 00000039 C=ICODE    S=.itext   G=(none)   M=ComCtrls ACBP=A9
 0002:000005EC 0000003D C=ICODE    S=.itext   G=(none)   M=Dialogs  ACBP=A9
 0002:0000062C 0000000F C=ICODE    S=.itext   G=(none)   M=FlatSB   ACBP=A9
 0002:0000063C 00000085 C=ICODE    S=.itext   G=(none)   M=Menus    ACBP=A9
 0002:000006C4 00000088 C=ICODE    S=.itext   G=(none)   M=Controls ACBP=A9
 0002:0000074C 00000008 C=ICODE    S=.itext   G=(none)   M=Themes   ACBP=A9
 0002:00000754 0000002A C=ICODE    S=.itext   G=(none)   M=ActnList ACBP=A9
 0002:00000780 0000005C C=ICODE    S=.itext   G=(none)   M=Forms    ACBP=A9
 0002:000007DC 00000055 C=ICODE    S=.itext   G=(none)   M=ComObj   ACBP=A9
 0002:00000834 0000001A C=ICODE    S=.itext   G=(none)   M=OleServer ACBP=A9
 0002:00000850 0000007C C=ICODE    S=.itext   G=(none)   M=TTTS     ACBP=A9
 0003:00000000 000007B6 C=DATA     S=.data    G=DGROUP   M=System   ACBP=A9
 0003:000007B8 00000020 C=DATA     S=.data    G=DGROUP   M=SysInit  ACBP=A9
 0003:000007D8 00000010 C=DATA     S=.data    G=DGROUP   M=ActiveX  ACBP=A9
 0003:000007E8 00000100 C=DATA     S=.data    G=DGROUP   M=Character ACBP=A9
 0003:000008E8 0000027C C=DATA     S=.data    G=DGROUP   M=SysUtils ACBP=A9
 0003:00000B64 00000008 C=DATA     S=.data    G=DGROUP   M=VarUtils ACBP=A9
 0003:00000B6C 00000092 C=DATA     S=.data    G=DGROUP   M=Variants ACBP=A9
 0003:00000C00 0000000C C=DATA     S=.data    G=DGROUP   M=TypInfo  ACBP=A9
 0003:00000C0C 00000064 C=DATA     S=.data    G=DGROUP   M=Classes  ACBP=A9
 0003:00000C70 00000008 C=DATA     S=.data    G=DGROUP   M=IniFiles ACBP=A9
 0003:00000C78 00000008 C=DATA     S=.data    G=DGROUP   M=Registry ACBP=A9
 0003:00000C80 000003B8 C=DATA     S=.data    G=DGROUP   M=Graphics ACBP=A9
 0003:00001038 00000450 C=DATA     S=.data    G=DGROUP   M=GraphUtil ACBP=A9
 0003:00001488 00000120 C=DATA     S=.data    G=DGROUP   M=StdCtrls ACBP=A9
 0003:000015A8 00000004 C=DATA     S=.data    G=DGROUP   M=Printers ACBP=A9
 0003:000015AC 0000002C C=DATA     S=.data    G=DGROUP   M=Buttons  ACBP=A9
 0003:000015D8 00000018 C=DATA     S=.data    G=DGROUP   M=ExtDlgs  ACBP=A9
 0003:000015F0 00000008 C=DATA     S=.data    G=DGROUP   M=Mapi     ACBP=A9
 0003:000015F8 00000050 C=DATA     S=.data    G=DGROUP   M=ComCtrls ACBP=A9
 0003:00001648 00000198 C=DATA     S=.data    G=DGROUP   M=Dialogs  ACBP=A9
 0003:000017E0 00000134 C=DATA     S=.data    G=DGROUP   M=Menus    ACBP=A9
 0003:00001914 0000013C C=DATA     S=.data    G=DGROUP   M=Controls ACBP=A9
 0003:00001A50 00000068 C=DATA     S=.data    G=DGROUP   M=Themes   ACBP=A9
 0003:00001AB8 0000003C C=DATA     S=.data    G=DGROUP   M=ImgList  ACBP=A9
 0003:00001AF4 00000140 C=DATA     S=.data    G=DGROUP   M=Forms    ACBP=A9
 0003:00001C34 00000030 C=DATA     S=.data    G=DGROUP   M=ComObj   ACBP=A9
 0003:00001C64 000000B4 C=DATA     S=.data    G=DGROUP   M=SpeechLib_TLB ACBP=A9
 0004:00000000 00002B1C C=BSS      S=.bss     G=DGROUP   M=System   ACBP=A9
 0004:00002B1C 0000000C C=BSS      S=.bss     G=DGROUP   M=SysInit  ACBP=A9
 0004:00002B28 00000008 C=BSS      S=.bss     G=DGROUP   M=Windows  ACBP=A9
 0004:00002B30 0000001C C=BSS      S=.bss     G=DGROUP   M=Character ACBP=A9
 0004:00002B4C 00002234 C=BSS      S=.bss     G=DGROUP   M=SysUtils ACBP=A9
 0004:00004D80 0000005C C=BSS      S=.bss     G=DGROUP   M=VarUtils ACBP=A9
 0004:00004DDC 00000040 C=BSS      S=.bss     G=DGROUP   M=Variants ACBP=A9
 0004:00004E1C 00000004 C=BSS      S=.bss     G=DGROUP   M=TypInfo  ACBP=A9
 0004:00004E20 00000048 C=BSS      S=.bss     G=DGROUP   M=Classes  ACBP=A9
 0004:00004E68 00000008 C=BSS      S=.bss     G=DGROUP   M=HelpIntfs ACBP=A9
 0004:00004E70 00000031 C=BSS      S=.bss     G=DGROUP   M=MultiMon ACBP=A9
 0004:00004EA4 0000000C C=BSS      S=.bss     G=DGROUP   M=CommCtrl ACBP=A9
 0004:00004EB0 00000004 C=BSS      S=.bss     G=DGROUP   M=IniFiles ACBP=A9
 0004:00004EB4 00000004 C=BSS      S=.bss     G=DGROUP   M=Registry ACBP=A9
 0004:00004EB8 00000060 C=BSS      S=.bss     G=DGROUP   M=Graphics ACBP=A9
 0004:00004F18 00000018 C=BSS      S=.bss     G=DGROUP   M=SyncObjs ACBP=A9
 0004:00004F30 000000DC C=BSS      S=.bss     G=DGROUP   M=UxTheme  ACBP=A9
 0004:0000500C 00000010 C=BSS      S=.bss     G=DGROUP   M=DwmApi   ACBP=A9
 0004:0000501C 00000010 C=BSS      S=.bss     G=DGROUP   M=GraphUtil ACBP=A9
 0004:0000502C 00000004 C=BSS      S=.bss     G=DGROUP   M=Printers ACBP=A9
 0004:00005030 0000000C C=BSS      S=.bss     G=DGROUP   M=Clipbrd  ACBP=A9
 0004:0000503C 00000030 C=BSS      S=.bss     G=DGROUP   M=Buttons  ACBP=A9
 0004:0000506C 00000004 C=BSS      S=.bss     G=DGROUP   M=ExtDlgs  ACBP=A9
 0004:00005070 00000004 C=BSS      S=.bss     G=DGROUP   M=Mapi     ACBP=A9
 0004:00005074 00000009 C=BSS      S=.bss     G=DGROUP   M=ExtActns ACBP=A9
 0004:00005080 00000008 C=BSS      S=.bss     G=DGROUP   M=ExtCtrls ACBP=A9
 0004:00005088 00000010 C=BSS      S=.bss     G=DGROUP   M=ComCtrls ACBP=A9
 0004:00005098 0000003C C=BSS      S=.bss     G=DGROUP   M=Dialogs  ACBP=A9
 0004:000050D4 00000034 C=BSS      S=.bss     G=DGROUP   M=FlatSB   ACBP=A9
 0004:00005108 00000010 C=BSS      S=.bss     G=DGROUP   M=Menus    ACBP=A9
 0004:00005118 0000008C C=BSS      S=.bss     G=DGROUP   M=Controls ACBP=A9
 0004:000051A4 0000000C C=BSS      S=.bss     G=DGROUP   M=Themes   ACBP=A9
 0004:000051B0 00000008 C=BSS      S=.bss     G=DGROUP   M=ImgList  ACBP=A9
 0004:000051B8 00000004 C=BSS      S=.bss     G=DGROUP   M=ActnList ACBP=A9
 0004:000051BC 00000028 C=BSS      S=.bss     G=DGROUP   M=Forms    ACBP=A9
 0004:000051E4 00000011 C=BSS      S=.bss     G=DGROUP   M=ComObj   ACBP=A9
 0004:000051F8 00000004 C=BSS      S=.bss     G=DGROUP   M=OleServer ACBP=A9
 0004:000051FC 00000004 C=BSS      S=.bss     G=DGROUP   M=TTS1     ACBP=A9
 0005:00000000 00000008 C=TLS      S=.tls     G=(none)   M=System   ACBP=A9
 0005:00000008 0000000C C=TLS      S=.tls     G=(none)   M=Classes  ACBP=A9
 0005:00000014 00000004 C=TLS      S=.tls     G=(none)   M=SyncObjs ACBP=A9
 0005:00000018 00000024 C=TLS      S=.tls     G=(none)   M=GraphUtil ACBP=A9


  Address             Publics by Name

 0001:00007A98       ActiveX.CoCreateInstance
 0001:00007A88       ActiveX.CoInitialize
 0001:00007AB0       ActiveX.CoTaskMemAlloc
 0001:00007AB8       ActiveX.CoTaskMemFree
 0001:00007A90       ActiveX.CoUninitialize
 0001:00007AD8       ActiveX.GetActiveObject
 0001:00007AE0       ActiveX.GetErrorInfo
 0003:000007D8       ActiveX.GUID_NULL
 0001:00007A80       ActiveX.IsEqualIID
 0001:00007AC0       ActiveX.OleInitialize
 0001:00007AC8       ActiveX.OleUninitialize
 0001:00007AA8       ActiveX.ProgIDFromCLSID
 0001:00007AA0       ActiveX.StringFromCLSID
 0001:00007AD0       ActiveX.SysFreeString
 0004:000051B8       ActnList..9
 0001:00065A78       ActnList..TActionLink
 0001:00065610       ActnList..TContainedAction
 0001:00065964       ActnList..TCustomAction
 0001:00065740       ActnList..TCustomActionList
 0001:0006582C       ActnList..TShortCutList
 0002:00000754       ActnList.ActnList
 0001:00066B24       ActnList.Finalization
 0001:00066190       ActnList.TActionLink.IsCaptionLinked
 0001:000661A4       ActnList.TActionLink.IsCheckedLinked
 0001:000661B8       ActnList.TActionLink.IsEnabledLinked
 0001:000661CC       ActnList.TActionLink.IsGroupIndexLinked
 0001:000661E0       ActnList.TActionLink.IsHelpContextLinked
 0001:000661F4       ActnList.TActionLink.IsHelpLinked
 0001:00066208       ActnList.TActionLink.IsHintLinked
 0001:0006621C       ActnList.TActionLink.IsImageIndexLinked
 0001:00066230       ActnList.TActionLink.IsShortCutLinked
 0001:00066244       ActnList.TActionLink.IsVisibleLinked
 0001:00066258       ActnList.TActionLink.SetAutoCheck
 0001:0006625C       ActnList.TActionLink.SetCaption
 0001:00066260       ActnList.TActionLink.SetChecked
 0001:00066264       ActnList.TActionLink.SetEnabled
 0001:00066268       ActnList.TActionLink.SetGroupIndex
 0001:0006626C       ActnList.TActionLink.SetHelpContext
 0001:00066270       ActnList.TActionLink.SetHelpKeyword
 0001:00066274       ActnList.TActionLink.SetHelpType
 0001:00066278       ActnList.TActionLink.SetHint
 0001:0006627C       ActnList.TActionLink.SetImageIndex
 0001:00066280       ActnList.TActionLink.SetShortCut
 0001:00066284       ActnList.TActionLink.SetVisible
 0001:00065B54       ActnList.TContainedAction.Destroy
 0001:00065CC0       ActnList.TContainedAction.Execute
 0001:00065B88       ActnList.TContainedAction.GetIndex
 0001:00065BA4       ActnList.TContainedAction.GetParentComponent
 0001:00065BB4       ActnList.TContainedAction.HasParent
 0001:00065BA0       ActnList.TContainedAction.IsCategoryStored
 0001:00065BC4       ActnList.TContainedAction.ReadState
 0001:00065C6C       ActnList.TContainedAction.SetActionList
 0001:00065C40       ActnList.TContainedAction.SetCategory
 0001:00065BF8       ActnList.TContainedAction.SetIndex
 0001:00065C94       ActnList.TContainedAction.SetParentComponent
 0001:00065D18       ActnList.TContainedAction.Update
 0001:00066334       ActnList.TCustomAction.AssignTo
 0001:00066288       ActnList.TCustomAction.Create
 0001:000662DC       ActnList.TCustomAction.Destroy
 0001:000669C0       ActnList.TCustomAction.DoHint
 0001:000669E8       ActnList.TCustomAction.Execute
 0001:00066A4C       ActnList.TCustomAction.GetSecondaryShortCuts
 0001:00066AA8       ActnList.TCustomAction.HandleShortCut
 0001:00066440       ActnList.TCustomAction.SetAutoCheck
 0001:000664A0       ActnList.TCustomAction.SetCaption
 0001:00066500       ActnList.TCustomAction.SetChecked
 0001:00066608       ActnList.TCustomAction.SetEnabled
 0001:00066684       ActnList.TCustomAction.SetGroupIndex
 0001:0006679C       ActnList.TCustomAction.SetHelpContext
 0001:00066734       ActnList.TCustomAction.SetHelpKeyword
 0001:000666DC       ActnList.TCustomAction.SetHelpType
 0001:000667F4       ActnList.TCustomAction.SetHint
 0001:00066854       ActnList.TCustomAction.SetImageIndex
 0001:00066974       ActnList.TCustomAction.SetName
 0001:00066A74       ActnList.TCustomAction.SetSecondaryShortCuts
 0001:000668B0       ActnList.TCustomAction.SetShortCut
 0001:00066914       ActnList.TCustomAction.SetVisible
 0001:00065F58       ActnList.TCustomActionList.AddAction
 0001:00065FA0       ActnList.TCustomActionList.Change
 0001:00065D70       ActnList.TCustomActionList.Create
 0001:00065DDC       ActnList.TCustomActionList.Destroy
 0001:000660AC       ActnList.TCustomActionList.ExecuteAction
 0001:00065EAC       ActnList.TCustomActionList.GetAction
 0001:00065EC0       ActnList.TCustomActionList.GetActionCount
 0001:00065E34       ActnList.TCustomActionList.GetChildren
 0001:00065EFC       ActnList.TCustomActionList.ImageListChange
 0001:00066008       ActnList.TCustomActionList.IsShortCut
 0001:00065F08       ActnList.TCustomActionList.Notification
 0001:00065F78       ActnList.TCustomActionList.RemoveAction
 0001:00065E7C       ActnList.TCustomActionList.SetChildOrder
 0001:00065EC8       ActnList.TCustomActionList.SetImages
 0001:000660EC       ActnList.TCustomActionList.SetState
 0001:000660CC       ActnList.TCustomActionList.UpdateAction
 0001:00066AB4       ActnList.TShortCutList.Add
 0001:00066AE0       ActnList.TShortCutList.IndexOfShortCut
 0004:0000503C       Buttons..5
 0003:000015AC       Buttons.BitBtnCaptions
 0004:00005040       Buttons.BitBtnGlyphs
 0002:00000510       Buttons.Buttons
 0001:0003E0F4       Buttons.DestroyLocals
 0001:0003E18C       Buttons.Finalization
 0004:00002B3C       Character.CategoryTable
 0004:00002B34       Character.CatIndexPrimary
 0004:00002B38       Character.CatIndexSecondary
 0004:00002B30       Character.DataTable
 0003:000007E8       Character.Latin1Categories
 0004:00002B48       Character.NumericValueTable
 0004:00002B40       Character.NumIndexPrimary
 0004:00002B44       Character.NumIndexSecondary
 0001:00007F30       Character.TCharacter.CheckLetter
 0001:00007F3C       Character.TCharacter.CheckLetterOrDigit
 0001:00008058       Character.TCharacter.GetUnicodeCategory
 0001:000080B8       Character.TCharacter.Initialize
 0001:0000804C       Character.TCharacter.IsAscii
 0001:00007F4C       Character.TCharacter.IsLatin1
 0001:00007F58       Character.TCharacter.IsLetter
 0001:00007FE4       Character.TCharacter.IsLetterOrDigit
 0004:00004E2C       Classes..66
 0001:0001A024       Classes..EBitsError
 0001:00019ED8       Classes..EClassNotFound
 0001:0001A104       Classes..EComponentError
 0001:00019CB8       Classes..EFCreateError
 0001:00019D94       Classes..EFilerError
 0001:00019C44       Classes..EFileStreamError
 0001:00019D28       Classes..EFOpenError
 0001:0001A1E4       Classes..EInvalidOperation
 0001:00019FB8       Classes..EListError
 0001:0001A174       Classes..EOutOfResources
 0001:00019E00       Classes..EReadError
 0001:00019F48       Classes..EResNotFound
 0001:00019BD4       Classes..EStreamError
 0001:0001A090       Classes..EStringListError
 0001:0001B0B4       Classes..EThread
 0001:00019E6C       Classes..EWriteError
 0001:0001B4E4       Classes..TBasicAction
 0001:0001B458       Classes..TBasicActionLink
 0001:0001A32C       Classes..TBits
 0001:0001AF3C       Classes..TClassFinder
 0001:0001A608       Classes..TCollection
 0001:0001A544       Classes..TCollectionItem
 0001:0001B2EC       Classes..TComponent
 0001:0001AC04       Classes..TCustomMemoryStream
 0001:0001AFA4       Classes..TFiler
 0001:0001AB70       Classes..TFileStream
 0001:0001AAEC       Classes..THandleStream
 0001:0001C440       Classes..TIntConst
 0001:0001A484       Classes..TInterfacedPersistent
 0001:0001A258       Classes..TList
 0001:0001AC8C       Classes..TMemoryStream
 0001:0001A6E8       Classes..TOwnedCollection
 0001:0001A38C       Classes..TPersistent
 0001:00020120       Classes..TPropFixup
 0001:000201A4       Classes..TPropIntfFixup
 0001:0001B014       Classes..TReader
 0001:0001B674       Classes..TRegGroup
 0001:0001B6D8       Classes..TRegGroups
 0001:0001AD14       Classes..TResourceStream
 0001:0001AA70       Classes..TStream
 0001:0001AEA8       Classes..TStreamAdapter
 0001:0001A93C       Classes..TStringList
 0001:0001A7E8       Classes..TStrings
 0001:0001B17C       Classes..TThread
 0001:0001A2C8       Classes..TThreadList
 0001:0001C3E4       Classes.ActivateClassGroup
 0003:00000C0C       Classes.AddDataModule
 0001:0002045C       Classes.AddFinished
 0001:00020494       Classes.AddNotFinished
 0001:00021014       Classes.AddSubComponentsToLoaded
 0001:000238D0       Classes.AddThread
 0001:00025338       Classes.AllocateHWnd
 0003:00000C1C       Classes.ApplicationHandleException
 0003:00000C24       Classes.ApplicationShowException
 0001:0001C748       Classes.BeginGlobalLoading
 0003:00000C44       Classes.BlockCode
 0001:0001B638       Classes.Bounds
 0001:00025268       Classes.CalcJmpOffset
 0001:00021050       Classes.CheckSubComponents
 0001:000238E8       Classes.CheckSynchronize
 0002:0000021C       Classes.Classes
 0001:0001C1A8       Classes.ClassNotFound
 0001:00021130       Classes.ComponentCreated
 0001:000211B0       Classes.CreateComponent
 0001:000253EC       Classes.DeallocateHWnd
 0001:00023804       Classes.DoneThreadSynchronization
 0001:0001DE50       Classes.DoWrite
 0001:0001C7D0       Classes.EndGlobalLoading
 0001:0001FF58       Classes.Error
 0001:0001BD4C       Classes.Error
 0004:00004E5C       Classes.ExternalThreads
 0003:00000C34       Classes.FilerSignature
 0001:00025414       Classes.Finalization
 0001:0001C268       Classes.FindClass
 0001:00021360       Classes.FindExistingComponent
 0001:0001C660       Classes.FindGlobalComponent
 0004:00004E38       Classes.FindGlobalComponentProcs
 0001:0001C508       Classes.FindIdentToInt
 0001:00020364       Classes.FindNestedComponent
 0001:000223DC       Classes.FindUniqueName
 0001:0002381C       Classes.FreeExternalThreads
 0001:000251D4       Classes.FreeIntConstList
 0001:00025308       Classes.FreeObjectInstance
 0001:0001C214       Classes.GetClass
 0001:0001D3FC       Classes.GetDesigner
 0001:0001C19C       Classes.GetFieldClassTable
 0004:00004E3C       Classes.GlobalFixupList
 0001:000204DC       Classes.GlobalFixupReferences
 0005:0000000C       Classes.GlobalLists
 0005:00000008       Classes.GlobalLoaded
 0004:00004E20       Classes.GlobalNameSpace
 0001:0001C390       Classes.GroupDescendentsWith
 0001:00021B70       Classes.HandleException
 0001:0001C584       Classes.IdentToInt
 0001:0001C82C       Classes.InitComponent
 0001:0001C8B8       Classes.InitInheritedComponent
 0001:000237D0       Classes.InitThreadSynchronization
 0004:00004E60       Classes.InstBlockList
 0004:00004E64       Classes.InstFreeList
 0004:00004E30       Classes.IntConstList
 0005:00000010       Classes.InternalCurrentThread
 0001:0001C6C4       Classes.InternalReadComponentRes
 0001:0001C5C4       Classes.IntToIdent
 0001:0001B660       Classes.InvalidPoint
 0001:0001C6A0       Classes.IsUniqueGlobalComponentName
 0004:00004E24       Classes.IsUniqueGlobalComponentNameProc
 0001:00025270       Classes.MakeObjectInstance
 0001:0001D04C       Classes.Min
 0001:00025240       Classes.ModuleUnload
 0003:00000C38       Classes.NilMethod
 0001:0001D49C       Classes.NotifyDesigner
 0001:0001C7A0       Classes.NotifyGlobalLoading
 0001:0001B5E8       Classes.Point
 0001:000207FC       Classes.PropertyNotFound
 0001:00021C40       Classes.PropPathError
 0001:000207F0       Classes.PropValueError
 0001:0001F720       Classes.RaiseException
 0001:00023074       Classes.ReadCustomVariant
 0001:000207D8       Classes.ReadError
 0001:00021150       Classes.Recover
 0001:0001B610       Classes.Rect
 0004:00004E34       Classes.RegGroups
 0001:0001C288       Classes.RegisterClass
 0001:0001C608       Classes.RegisterFindGlobalComponentProc
 0001:0001C4DC       Classes.RegisterIntegerConsts
 0003:00000C14       Classes.RemoveDataModule
 0001:000206A8       Classes.RemoveFixupReferences
 0001:00020754       Classes.RemoveFixups
 0001:00020ABC       Classes.RemoveGlobalFixup
 0001:000238DC       Classes.RemoveThread
 0001:0002389C       Classes.ResetSyncEvent
 0001:0001DFBC       Classes.ReturnAddr
 0001:0001CA44       Classes.ReturnAddr
 0001:000212C0       Classes.SetCompName
 0001:00020828       Classes.SetElementValue
 0001:00021FB8       Classes.SetInterfaceReference
 0001:00021ED4       Classes.SetIntIdent
 0001:00021F1C       Classes.SetObjectIdent
 0001:000210C8       Classes.SetSubComponentState
 0001:00021F5C       Classes.SetVariantReference
 0001:000238C4       Classes.SignalSyncEvent
 0001:00022B94       Classes.SkipBinary
 0001:00022BC4       Classes.SkipCollection
 0001:00022B6C       Classes.SkipList
 0001:0001B600       Classes.SmallPoint
 0001:0001C344       Classes.StartClassGroup
 0001:00025248       Classes.StdWndProc
 0001:0001F428       Classes.StringListCompareStrings
 0004:00004E28       Classes.SyncEvent
 0003:00000C40       Classes.SyncList
 0001:00024C40       Classes.TBasicAction.Change
 0001:00024ACC       Classes.TBasicAction.Create
 0001:00024B10       Classes.TBasicAction.Destroy
 0001:00024BAC       Classes.TBasicAction.Execute
 0001:00024B7C       Classes.TBasicAction.ExecuteTarget
 0001:00024B78       Classes.TBasicAction.HandlesTarget
 0001:00024B80       Classes.TBasicAction.Notification
 0001:00024C54       Classes.TBasicAction.RegisterChanges
 0001:00024CA0       Classes.TBasicAction.SetActionComponent
 0001:00024BE4       Classes.TBasicAction.SetOnExecute
 0001:00024C60       Classes.TBasicAction.UnRegisterChanges
 0001:00024BC8       Classes.TBasicAction.Update
 0001:00024BA8       Classes.TBasicAction.UpdateTarget
 0001:00024A1C       Classes.TBasicActionLink.AssignClient
 0001:00024A54       Classes.TBasicActionLink.Change
 0001:000249D8       Classes.TBasicActionLink.Create
 0001:00024A20       Classes.TBasicActionLink.Destroy
 0001:00024A6C       Classes.TBasicActionLink.Execute
 0001:00024AB4       Classes.TBasicActionLink.IsOnExecuteLinked
 0001:00024A88       Classes.TBasicActionLink.SetAction
 0001:00024AB8       Classes.TBasicActionLink.SetOnExecute
 0001:00024AC0       Classes.TBasicActionLink.Update
 0001:0001D004       Classes.TBits.Destroy
 0001:0001D034       Classes.TBits.Error
 0001:0001D128       Classes.TBits.OpenBit
 0001:0001D0FC       Classes.TBits.SetBit
 0001:0001D058       Classes.TBits.SetSize
 0001:0001BFB8       Classes.TClassFinder.Create
 0001:0001C0E4       Classes.TClassFinder.Destroy
 0001:0001C114       Classes.TClassFinder.GetClass
 0001:0001D760       Classes.TCollection.Add
 0001:0001DBD8       Classes.TCollection.Added
 0001:0001D780       Classes.TCollection.Assign
 0001:0001D828       Classes.TCollection.BeginUpdate
 0001:0001D82C       Classes.TCollection.Changed
 0001:0001D83C       Classes.TCollection.Clear
 0001:0001D6C8       Classes.TCollection.Create
 0001:0001DBDC       Classes.TCollection.Deleting
 0001:0001D714       Classes.TCollection.Destroy
 0001:0001D8A4       Classes.TCollection.EndUpdate
 0001:0001D8B4       Classes.TCollection.GetAttr
 0001:0001D8B0       Classes.TCollection.GetAttrCount
 0001:0001D8E4       Classes.TCollection.GetCount
 0001:0001D8EC       Classes.TCollection.GetItem
 0001:0001D8C4       Classes.TCollection.GetItemAttr
 0001:0001D900       Classes.TCollection.GetNamePath
 0001:0001D9B4       Classes.TCollection.GetPropName
 0001:0001DB08       Classes.TCollection.InsertItem
 0001:0001DBE0       Classes.TCollection.Notify
 0001:0001DBCC       Classes.TCollection.Owner
 0001:0001DB70       Classes.TCollection.RemoveItem
 0001:0001DBC4       Classes.TCollection.SetItemName
 0001:0001DBC8       Classes.TCollection.Update
 0001:0001D568       Classes.TCollectionItem.Changed
 0001:0001D500       Classes.TCollectionItem.Create
 0001:0001D538       Classes.TCollectionItem.Destroy
 0001:0001D5A4       Classes.TCollectionItem.GetDisplayName
 0001:0001D58C       Classes.TCollectionItem.GetIndex
 0001:0001D5B8       Classes.TCollectionItem.GetNamePath
 0001:0001D664       Classes.TCollectionItem.GetOwner
 0001:0001D668       Classes.TCollectionItem.SetCollection
 0001:0001D690       Classes.TCollectionItem.SetDisplayName
 0001:0001D698       Classes.TCollectionItem.SetIndex
 0001:00024280       Classes.TComponent.BeforeDestruction
 0001:000247C8       Classes.TComponent.ChangeName
 0001:000241B0       Classes.TComponent.Create
 0001:00024548       Classes.TComponent.DefineProperties
 0001:000241FC       Classes.TComponent.Destroy
 0001:00024410       Classes.TComponent.DestroyComponents
 0001:0002446C       Classes.TComponent.Destroying
 0001:000248E4       Classes.TComponent.ExecuteAction
 0001:000246E8       Classes.TComponent.FindComponent
 0001:0002428C       Classes.TComponent.FreeNotification
 0001:000245EC       Classes.TComponent.GetChildOwner
 0001:000245F0       Classes.TComponent.GetChildParent
 0001:000245E4       Classes.TComponent.GetChildren
 0001:000247DC       Classes.TComponent.GetComponent
 0001:00024808       Classes.TComponent.GetComponentCount
 0001:000245F4       Classes.TComponent.GetNamePath
 0001:00024608       Classes.TComponent.GetOwner
 0001:00024610       Classes.TComponent.GetParentComponent
 0001:000245E0       Classes.TComponent.HasParent
 0001:00024320       Classes.TComponent.Insert
 0001:00024374       Classes.TComponent.InsertComponent
 0001:000249D4       Classes.TComponent.IntfGetComponent
 0001:00024630       Classes.TComponent.Loaded
 0001:000244E8       Classes.TComponent.Notification
 0001:0002463C       Classes.TComponent.PaletteCreated
 0001:00024954       Classes.TComponent.QueryInterface
 0001:000242E0       Classes.TComponent.ReadLeft
 0001:00024640       Classes.TComponent.ReadState
 0001:000242F4       Classes.TComponent.ReadTop
 0001:0002434C       Classes.TComponent.Remove
 0001:000243D8       Classes.TComponent.RemoveComponent
 0001:000244CC       Classes.TComponent.RemoveFreeNotification
 0001:000244A8       Classes.TComponent.RemoveNotification
 0001:00024934       Classes.TComponent.SafeCallException
 0001:0002460C       Classes.TComponent.SetChildOrder
 0001:00024818       Classes.TComponent.SetComponentIndex
 0001:0002486C       Classes.TComponent.SetDesigning
 0001:00024738       Classes.TComponent.SetName
 0001:00024614       Classes.TComponent.SetParentComponent
 0001:000248BC       Classes.TComponent.SetReference
 0001:0002490C       Classes.TComponent.UpdateAction
 0001:00024624       Classes.TComponent.Updated
 0001:0002494C       Classes.TComponent.UpdateRegistry
 0001:00024618       Classes.TComponent.Updating
 0001:000246D0       Classes.TComponent.ValidateContainer
 0001:000246E4       Classes.TComponent.ValidateInsert
 0001:00024650       Classes.TComponent.ValidateRename
 0001:00024308       Classes.TComponent.WriteLeft
 0001:00024648       Classes.TComponent.WriteState
 0001:00024314       Classes.TComponent.WriteTop
 0001:00024994       Classes.TComponent._AddRef
 0001:000249B4       Classes.TComponent._Release
 0001:0001FD04       Classes.TCustomMemoryStream.Read
 0001:0001FD3C       Classes.TCustomMemoryStream.Seek
 0001:0001FCFC       Classes.TCustomMemoryStream.SetPointer
 0001:000200AC       Classes.TFiler.Create
 0001:000200F4       Classes.TFiler.Destroy
 0001:0002011C       Classes.TFiler.SetRoot
 0001:0001FB10       Classes.TFileStream.Create
 0001:0001FB54       Classes.TFileStream.Create
 0001:0001FCC8       Classes.TFileStream.Destroy
 0001:0001FA4C       Classes.THandleStream.Create
 0001:0001FA88       Classes.THandleStream.Read
 0001:0001FAA8       Classes.THandleStream.Seek
 0001:0001FAD4       Classes.THandleStream.SetSize
 0001:0001FAE8       Classes.THandleStream.SetSize
 0001:0001FA98       Classes.THandleStream.Write
 0004:00004E58       Classes.ThreadCount
 0004:00004E40       Classes.ThreadLock
 0001:00023ADC       Classes.ThreadProc
 0001:0001C4A4       Classes.TIntConst.Create
 0001:0001D344       Classes.TInterfacedPersistent.AfterConstruction
 0001:0001D3D4       Classes.TInterfacedPersistent.QueryInterface
 0001:0001D394       Classes.TInterfacedPersistent._AddRef
 0001:0001D3B4       Classes.TInterfacedPersistent._Release
 0001:0001C99C       Classes.TList.Add
 0001:0001C9D0       Classes.TList.Clear
 0001:0001C9E8       Classes.TList.Delete
 0001:0001C97C       Classes.TList.Destroy
 0001:0001CA48       Classes.TList.Error
 0001:0001CA80       Classes.TList.Error
 0001:0001CAD4       Classes.TList.Expand
 0001:0001CAEC       Classes.TList.First
 0001:0001CAF4       Classes.TList.Get
 0001:0001CB1C       Classes.TList.Grow
 0001:0001CB50       Classes.TList.IndexOf
 0001:0001CB74       Classes.TList.Insert
 0001:0001CBE0       Classes.TList.Last
 0001:0001CC04       Classes.TList.Move
 0001:0001CDF0       Classes.TList.Notify
 0001:0001CCCC       Classes.TList.Pack
 0001:0001CC5C       Classes.TList.Put
 0001:0001CCAC       Classes.TList.Remove
 0001:0001CD40       Classes.TList.SetCapacity
 0001:0001CD7C       Classes.TList.SetCount
 0001:0001FD8C       Classes.TMemoryStream.Clear
 0001:0001FD60       Classes.TMemoryStream.Destroy
 0001:0001FDA4       Classes.TMemoryStream.LoadFromStream
 0001:0001FE30       Classes.TMemoryStream.Realloc
 0001:0001FDDC       Classes.TMemoryStream.SetCapacity
 0001:0001FE04       Classes.TMemoryStream.SetSize
 0001:0001FEB0       Classes.TMemoryStream.Write
 0001:0001DC04       Classes.TOwnedCollection.Create
 0001:0001DC48       Classes.TOwnedCollection.GetOwner
 0001:0001D1CC       Classes.TPersistent.Assign
 0001:0001D1E0       Classes.TPersistent.AssignError
 0001:0001D29C       Classes.TPersistent.AssignTo
 0001:0001D2A4       Classes.TPersistent.DefineProperties
 0001:0001D1A0       Classes.TPersistent.Destroy
 0001:0001D2A8       Classes.TPersistent.GetNamePath
 0001:0001D340       Classes.TPersistent.GetOwner
 0001:00020210       Classes.TPropFixup.Create
 0001:00020268       Classes.TPropFixup.MakeGlobalReference
 0001:000202D0       Classes.TPropFixup.ResolveReference
 0001:000202E0       Classes.TPropIntfFixup.ResolveReference
 0001:0002087C       Classes.TReader.CheckValue
 0001:000208DC       Classes.TReader.DefineBinaryProperty
 0001:000208A0       Classes.TReader.DefineProperty
 0001:00020840       Classes.TReader.Destroy
 0001:00020B38       Classes.TReader.DoFixupReferences
 0001:000209C4       Classes.TReader.EndOfList
 0001:000209D8       Classes.TReader.Error
 0001:00022EC0       Classes.TReader.FindAncestorComponent
 0001:00022FB8       Classes.TReader.FindComponentClass
 0001:00020A6C       Classes.TReader.FindMethod
 0001:000209FC       Classes.TReader.FindMethodInstance
 0001:00020C7C       Classes.TReader.FlushBuffer
 0001:00020CA0       Classes.TReader.FreeFixups
 0001:00020CDC       Classes.TReader.GetFieldClass
 0001:00020D70       Classes.TReader.GetPosition
 0001:00020D88       Classes.TReader.NextValue
 0001:00020D98       Classes.TReader.PropertyError
 0001:00020DAC       Classes.TReader.Read
 0001:00020E34       Classes.TReader.ReadBoolean
 0001:00020DF8       Classes.TReader.ReadBuffer
 0001:00020E48       Classes.TReader.ReadChar
 0001:00020F3C       Classes.TReader.ReadCollection
 0001:00021404       Classes.TReader.ReadComponent
 0001:00021844       Classes.TReader.ReadCurrency
 0001:00021644       Classes.TReader.ReadData
 0001:000216B4       Classes.TReader.ReadDataInner
 0001:00021894       Classes.TReader.ReadDate
 0001:000217BC       Classes.TReader.ReadDouble
 0001:00021784       Classes.TReader.ReadFloat
 0001:000218D8       Classes.TReader.ReadIdent
 0001:00021ADC       Classes.TReader.ReadInt64
 0001:00021A70       Classes.TReader.ReadInteger
 0001:00021B20       Classes.TReader.ReadListBegin
 0001:00021B28       Classes.TReader.ReadListEnd
 0001:00021B30       Classes.TReader.ReadPrefix
 0001:00021C5C       Classes.TReader.ReadProperty
 0001:00022078       Classes.TReader.ReadPropValue
 0001:00022444       Classes.TReader.ReadRootComponent
 0001:00022778       Classes.TReader.ReadSet
 0001:00022834       Classes.TReader.ReadSignature
 0001:00021800       Classes.TReader.ReadSingle
 0001:00022858       Classes.TReader.ReadStr
 0001:000228E8       Classes.TReader.ReadString
 0001:00022B10       Classes.TReader.ReadValue
 0001:0002323C       Classes.TReader.ReadVariant
 0001:00020EDC       Classes.TReader.ReadWideChar
 0001:000229D0       Classes.TReader.ReadWideString
 0001:00022F78       Classes.TReader.ReferenceName
 0001:00022F90       Classes.TReader.SetName
 0001:0002302C       Classes.TReader.SkipBytes
 0001:00022E18       Classes.TReader.SkipComponent
 0001:00022DD0       Classes.TReader.SkipProperty
 0001:00022B24       Classes.TReader.SkipSetBody
 0001:00022C20       Classes.TReader.SkipValue
 0001:0001B73C       Classes.TRegGroup.AddClass
 0001:0001B748       Classes.TRegGroup.BestClass
 0001:0001B7A8       Classes.TRegGroup.BestGroup
 0001:0001B818       Classes.TRegGroup.Create
 0001:0001B874       Classes.TRegGroup.Destroy
 0001:0001B8B4       Classes.TRegGroup.GetClass
 0001:0001B904       Classes.TRegGroup.InGroup
 0001:0001B948       Classes.TRegGroup.RegisterClass
 0001:0001B9FC       Classes.TRegGroup.Registered
 0001:0001BA64       Classes.TRegGroup.UnregisterModuleClasses
 0001:0001BBA4       Classes.TRegGroups.Activate
 0001:0001BBF0       Classes.TRegGroups.Create
 0001:0001BC64       Classes.TRegGroups.Destroy
 0001:0001BCC4       Classes.TRegGroups.FindGroup
 0001:0001BD08       Classes.TRegGroups.GetClass
 0001:0001BDD0       Classes.TRegGroups.GroupWith
 0001:0001BEA4       Classes.TRegGroups.Lock
 0001:0001BEB0       Classes.TRegGroups.RegisterClass
 0001:0001BEC8       Classes.TRegGroups.Registered
 0001:0001BF0C       Classes.TRegGroups.StartGroup
 0001:0001BF5C       Classes.TRegGroups.Unlock
 0001:0001BF68       Classes.TRegGroups.UnregisterModuleClasses
 0001:0001FF00       Classes.TResourceStream.Create
 0001:00020064       Classes.TResourceStream.Destroy
 0001:0001FFF8       Classes.TResourceStream.Initialize
 0001:00020094       Classes.TResourceStream.Write
 0001:0001F8F8       Classes.TStream.CopyFrom
 0001:0001F634       Classes.TStream.GetPosition
 0001:0001F668       Classes.TStream.GetSize
 0001:0001F888       Classes.TStream.ReadBuffer
 0001:0001F9EC       Classes.TStream.ReadComponent
 0001:0001F794       Classes.TStream.Seek
 0001:0001F818       Classes.TStream.Seek
 0001:0001F654       Classes.TStream.SetPosition
 0001:0001F6CC       Classes.TStream.SetSize
 0001:0001F6B4       Classes.TStream.SetSize
 0001:0001F6B8       Classes.TStream.SetSize64
 0001:0001F8C0       Classes.TStream.WriteBuffer
 0001:000251BC       Classes.TStreamAdapter.Clone
 0001:00025110       Classes.TStreamAdapter.Commit
 0001:00024F08       Classes.TStreamAdapter.CopyTo
 0001:00024CCC       Classes.TStreamAdapter.Create
 0001:00024D18       Classes.TStreamAdapter.Destroy
 0001:00025128       Classes.TStreamAdapter.LockRegion
 0001:00024D50       Classes.TStreamAdapter.Read
 0001:0002511C       Classes.TStreamAdapter.Revert
 0001:00024E20       Classes.TStreamAdapter.Seek
 0001:00024EA4       Classes.TStreamAdapter.SetSize
 0001:00025140       Classes.TStreamAdapter.Stat
 0001:00025134       Classes.TStreamAdapter.UnlockRegion
 0001:00024DB8       Classes.TStreamAdapter.Write
 0001:0001EE28       Classes.TStringList.Add
 0001:0001EE38       Classes.TStringList.AddObject
 0001:0001EE9C       Classes.TStringList.Changed
 0001:0001EEB8       Classes.TStringList.Changing
 0001:0001EED4       Classes.TStringList.Clear
 0001:0001F490       Classes.TStringList.CompareStrings
 0001:0001F5FC       Classes.TStringList.Create
 0001:0001F458       Classes.TStringList.CustomSort
 0001:0001EF3C       Classes.TStringList.Delete
 0001:0001EDA4       Classes.TStringList.Destroy
 0001:0001EFBC       Classes.TStringList.Exchange
 0001:0001F018       Classes.TStringList.ExchangeItems
 0001:0001F03C       Classes.TStringList.Find
 0001:0001F0C0       Classes.TStringList.Get
 0001:0001F0F4       Classes.TStringList.GetCapacity
 0001:0001F0F8       Classes.TStringList.GetCount
 0001:0001F0FC       Classes.TStringList.GetObject
 0001:0001F124       Classes.TStringList.Grow
 0001:0001F158       Classes.TStringList.IndexOf
 0001:0001F194       Classes.TStringList.Insert
 0001:0001F1F8       Classes.TStringList.InsertItem
 0001:0001F1A4       Classes.TStringList.InsertObject
 0001:0001F274       Classes.TStringList.Put
 0001:0001F2D0       Classes.TStringList.PutObject
 0001:0001F310       Classes.TStringList.QuickSort
 0001:0001F3A8       Classes.TStringList.SetCapacity
 0001:0001F3E8       Classes.TStringList.SetSorted
 0001:0001F408       Classes.TStringList.SetUpdateState
 0001:0001F448       Classes.TStringList.Sort
 0001:0001DC7C       Classes.TStrings.Add
 0001:0001DCA0       Classes.TStrings.AddObject
 0001:0001DCC4       Classes.TStrings.AddStrings
 0001:0001DD7C       Classes.TStrings.Assign
 0001:0001DE38       Classes.TStrings.BeginUpdate
 0001:0001EC98       Classes.TStrings.CompareStrings
 0001:0001DEA8       Classes.TStrings.DefineProperties
 0001:0001DC4C       Classes.TStrings.Destroy
 0001:0001DF00       Classes.TStrings.EndUpdate
 0001:0001DF14       Classes.TStrings.Equals
 0001:0001DFF8       Classes.TStrings.Error
 0001:0001DFC0       Classes.TStrings.Error
 0001:0001E050       Classes.TStrings.Exchange
 0001:0001E13C       Classes.TStrings.GetCapacity
 0001:0001EC30       Classes.TStrings.GetLineBreak
 0001:0001ED68       Classes.TStrings.GetNameValueSeparator
 0001:0001E144       Classes.TStrings.GetObject
 0001:0001E148       Classes.TStrings.GetText
 0001:0001E19C       Classes.TStrings.GetTextStr
 0001:0001E334       Classes.TStrings.IndexOf
 0001:0001E3C0       Classes.TStrings.IndexOfName
 0001:0001E494       Classes.TStrings.IndexOfObject
 0001:0001E4C8       Classes.TStrings.InsertObject
 0001:0001E54C       Classes.TStrings.LoadFromFile
 0001:0001E4F8       Classes.TStrings.LoadFromFile
 0001:0001E5B4       Classes.TStrings.LoadFromStream
 0001:0001E5A8       Classes.TStrings.LoadFromStream
 0001:0001E6A8       Classes.TStrings.Move
 0001:0001E758       Classes.TStrings.Put
 0001:0001E788       Classes.TStrings.PutObject
 0001:0001E78C       Classes.TStrings.ReadData
 0001:0001E84C       Classes.TStrings.SaveToFile
 0001:0001E83C       Classes.TStrings.SaveToFile
 0001:0001E8AC       Classes.TStrings.SaveToStream
 0001:0001E8BC       Classes.TStrings.SaveToStream
 0001:0001E974       Classes.TStrings.SetCapacity
 0001:0001EC6C       Classes.TStrings.SetLineBreak
 0001:0001ED84       Classes.TStrings.SetNameValueSeparator
 0001:0001E978       Classes.TStrings.SetStringsAdapter
 0001:0001E9AC       Classes.TStrings.SetText
 0001:0001E9FC       Classes.TStrings.SetTextStr
 0001:0001EBA8       Classes.TStrings.SetUpdateState
 0001:0001EBAC       Classes.TStrings.WriteData
 0001:00023D18       Classes.TThread.AfterConstruction
 0001:00023DC0       Classes.TThread.CallOnTerminate
 0001:00023D2C       Classes.TThread.CheckThreadError
 0001:00023DA8       Classes.TThread.CheckThreadError
 0001:00023B90       Classes.TThread.Create
 0001:00023C98       Classes.TThread.Destroy
 0001:00023DD4       Classes.TThread.DoTerminate
 0001:00023DE8       Classes.TThread.RemoveQueuedEvents
 0001:000240A4       Classes.TThread.Resume
 0001:00023EAC       Classes.TThread.Synchronize
 0001:00024070       Classes.TThread.Synchronize
 0001:000240CC       Classes.TThread.Terminate
 0001:000240F0       Classes.TThread.WaitFor
 0001:0001CEC4       Classes.TThreadList.Add
 0001:0001CF4C       Classes.TThreadList.Clear
 0001:0001CDF4       Classes.TThreadList.Create
 0001:0001CE48       Classes.TThreadList.Destroy
 0001:0001CF94       Classes.TThreadList.LockList
 0001:0001CFA8       Classes.TThreadList.Remove
 0001:0001CFF8       Classes.TThreadList.UnlockList
 0001:0002345C       Classes.TWriter.Write
 0001:000234C0       Classes.TWriter.WriteBoolean
 0001:000234A8       Classes.TWriter.WriteBuffer
 0001:000234D4       Classes.TWriter.WriteInteger
 0001:00023548       Classes.TWriter.WriteListBegin
 0001:00023550       Classes.TWriter.WriteListEnd
 0001:00023558       Classes.TWriter.WriteMinStr
 0001:00023684       Classes.TWriter.WriteString
 0001:000237BC       Classes.TWriter.WriteValue
 0001:0001C648       Classes.UnregisterFindGlobalComponentProc
 0001:0001C2F8       Classes.UnRegisterModuleClasses
 0003:00000C48       Classes.UtilWindowClass
 0001:000238A8       Classes.WaitForSyncEvent
 0003:00000C2C       Classes.WakeMainThread
 0004:00005034       Clipbrd..3
 0004:00005032       Clipbrd.CF_COMPONENT
 0004:00005030       Clipbrd.CF_PICTURE
 0002:00000498       Clipbrd.Clipbrd
 0004:00005038       Clipbrd.FClipboard
 0001:0003E0B8       Clipbrd.Finalization
 0004:00005088       ComCtrls..96
 0001:0003FC84       ComCtrls..TConversion
 0001:0003F430       ComCtrls..TTrackBar
 0003:00001634       ComCtrls.APositionToolTip
 0002:000005B0       ComCtrls.ComCtrls
 0004:0000508C       ComCtrls.ConversionFormatList
 0001:0004093C       ComCtrls.Finalization
 0001:000408E0       ComCtrls.FreeConversionFormatList
 0004:00005094       ComCtrls.FRichEditModule
 0001:0003FD44       ComCtrls.InitCommonControl
 0003:00001608       ComCtrls.OrientationStyle
 0003:000015F8       ComCtrls.RTFConversionFormat
 0004:00005090       ComCtrls.ShellModule
 0001:00040828       ComCtrls.TConversion.ConvertReadStream
 0001:00040884       ComCtrls.TConversion.ConvertWriteStream
 0001:000407F0       ComCtrls.TConversion.Create
 0003:00001600       ComCtrls.TextConversionFormat
 0003:00001628       ComCtrls.TickMarks
 0003:00001610       ComCtrls.TickStyles
 0001:00040570       ComCtrls.TTrackBar.Changed
 0001:0004007C       ComCtrls.TTrackBar.CNHScroll
 0001:00040590       ComCtrls.TTrackBar.CNNotify
 0001:000400BC       ComCtrls.TTrackBar.CNVScroll
 0001:0003FD70       ComCtrls.TTrackBar.Create
 0001:0003FE54       ComCtrls.TTrackBar.CreateParams
 0001:0003FF68       ComCtrls.TTrackBar.CreateWnd
 0001:00040074       ComCtrls.TTrackBar.DestroyWnd
 0001:000400FC       ComCtrls.TTrackBar.GetThumbLength
 0001:00040344       ComCtrls.TTrackBar.SetFrequency
 0001:000403A8       ComCtrls.TTrackBar.SetLineSize
 0001:0004032C       ComCtrls.TTrackBar.SetMax
 0001:00040310       ComCtrls.TTrackBar.SetMin
 0001:0004012C       ComCtrls.TTrackBar.SetOrientation
 0001:000403E4       ComCtrls.TTrackBar.SetPageSize
 0001:00040180       ComCtrls.TTrackBar.SetParams
 0001:000402FC       ComCtrls.TTrackBar.SetPosition
 0001:00040420       ComCtrls.TTrackBar.SetPositionToolTip
 0001:0004055C       ComCtrls.TTrackBar.SetSelEnd
 0001:00040548       ComCtrls.TTrackBar.SetSelStart
 0001:00040488       ComCtrls.TTrackBar.SetShowSelRange
 0001:00040474       ComCtrls.TTrackBar.SetSliderVisible
 0001:0004043C       ComCtrls.TTrackBar.SetThumbLength
 0001:00040394       ComCtrls.TTrackBar.SetTickMarks
 0001:00040380       ComCtrls.TTrackBar.SetTickStyle
 0001:0004049C       ComCtrls.TTrackBar.UpdateSelection
 0001:00040764       ComCtrls.TTrackBar.WMEraseBkGnd
 0004:00004EA4       CommCtrl.ComCtl32DLL
 0001:00027884       CommCtrl.FlatSB_GetScrollInfo
 0001:0002788C       CommCtrl.FlatSB_GetScrollPos
 0001:00027894       CommCtrl.FlatSB_SetScrollInfo
 0001:0002789C       CommCtrl.FlatSB_SetScrollPos
 0001:000278A4       CommCtrl.FlatSB_SetScrollProp
 0001:000277F4       CommCtrl.ImageList_Add
 0001:00027824       CommCtrl.ImageList_BeginDrag
 0001:000277D4       CommCtrl.ImageList_Create
 0001:000277DC       CommCtrl.ImageList_Destroy
 0001:00027834       CommCtrl.ImageList_DragEnter
 0001:0002783C       CommCtrl.ImageList_DragLeave
 0001:00027844       CommCtrl.ImageList_DragMove
 0001:0002784C       CommCtrl.ImageList_DragShowNolock
 0001:0002780C       CommCtrl.ImageList_Draw
 0001:00027814       CommCtrl.ImageList_DrawEx
 0001:0002782C       CommCtrl.ImageList_EndDrag
 0001:00027804       CommCtrl.ImageList_GetBkColor
 0001:00027854       CommCtrl.ImageList_GetDragImage
 0001:0002786C       CommCtrl.ImageList_GetIconSize
 0001:000277E4       CommCtrl.ImageList_GetImageCount
 0001:0002785C       CommCtrl.ImageList_Read
 0001:0002781C       CommCtrl.ImageList_Remove
 0001:000277FC       CommCtrl.ImageList_SetBkColor
 0001:00027874       CommCtrl.ImageList_SetIconSize
 0001:000277EC       CommCtrl.ImageList_SetImageCount
 0001:00027864       CommCtrl.ImageList_Write
 0001:00027720       CommCtrl.InitComCtl
 0001:00027718       CommCtrl.InitCommonControls
 0001:000277A0       CommCtrl.InitCommonControlsEx
 0001:000278AC       CommCtrl.InitializeFlatSB
 0001:000278B4       CommCtrl.TaskDialogIndirect
 0004:00004EA8       CommCtrl._InitCommonControlsEx
 0004:00004EAC       CommCtrl._TaskDialogIndirect
 0001:0002787C       CommCtrl._TrackMouseEvent
 0004:000051E4       ComObj..41
 0001:0007649C       ComObj..EOleError
 0001:00076578       ComObj..EOleException
 0001:00076508       ComObj..EOleSysError
 0001:0007688C       ComObj.ClassIDToProgID
 0001:000775A0       ComObj.ClearExcepInfo
 0003:00001C3C       ComObj.CoAddRefServerProcess
 0003:00001C34       ComObj.CoCreateInstanceEx
 0003:00001C4C       ComObj.CoInitFlags
 0003:00001C38       ComObj.CoInitializeEx
 0004:000051EC       ComObj.ComClassManagerVar
 0002:000007DC       ComObj.ComObj
 0003:00001C40       ComObj.CoReleaseServerProcess
 0003:00001C44       ComObj.CoResumeClassObjects
 0003:00001C48       ComObj.CoSuspendClassObjects
 0001:000768B8       ComObj.CreateComObject
 0001:000769E4       ComObj.CreateRemoteComObject
 0001:00076FB8       ComObj.DispatchInvoke
 0001:00077594       ComObj.DispatchInvokeError
 0001:000775B0       ComObj.DispCall
 0001:00077694       ComObj.DispCallByID
 0001:000774C0       ComObj.DispCallError
 0001:0007679C       ComObj.EOleException.Create
 0001:000766C8       ComObj.EOleSysError.Create
 0001:000777EC       ComObj.Finalization
 0001:00077328       ComObj.GetIDsOfNames
 0001:00076860       ComObj.GUIDToString
 0001:00077770       ComObj.InitComObj
 0001:00076BC4       ComObj.InterfaceConnect
 0001:00076C78       ComObj.InterfaceDisconnect
 0001:00076D34       ComObj.LoadComExProcs
 0004:000051F4       ComObj.NeedToUninitialize
 0001:00076850       ComObj.OleCheck
 0001:00076834       ComObj.OleError
 0004:000051E8       ComObj.OleUninitializing
 0001:0007740C       ComObj.RaiseException
 0001:000772F4       ComObj.RaiseNameException
 0001:00076EB8       ComObj.SafeCallError
 0004:000051F0       ComObj.SaveInitProc
 0003:00001C50       ComObj.ThreadStrs
 0001:0007666C       ComObj.TrimPunctuation
 0001:00077424       ComObj.VarDispInvoke
 0001:000254CC       Contnrs..TOrderedList
 0001:00025540       Contnrs..TStack
 0001:000255C4       Contnrs.TOrderedList.Create
 0001:00025608       Contnrs.TOrderedList.Destroy
 0001:00025638       Contnrs.TOrderedList.PeekItem
 0001:000255AC       Contnrs.TOrderedList.Pop
 0001:0002564C       Contnrs.TOrderedList.PopItem
 0001:000255B4       Contnrs.TOrderedList.Push
 0001:0002566C       Contnrs.TStack.PushItem
 0004:00005128       Controls..73
 0001:0004C9DC       Controls..TBaseDragControlObject
 0001:0004DDEC       Controls..TControl
 0001:0004CF00       Controls..TControlActionLink
 0001:0004CD60       Controls..TControlCanvas
 0001:0004EC44       Controls..TCustomControl
 0001:0004CE0C       Controls..TCustomControlAction
 0001:0004F904       Controls..TCustomHint
 0001:0004F888       Controls..TCustomHintShowHideThread
 0001:0004F6D8       Controls..TCustomHintWindow
 0001:0004F4F4       Controls..TCustomListControl
 0001:0004F3E4       Controls..TDockTree
 0001:0004F28C       Controls..TDockZone
 0001:0004CAAC       Controls..TDragControlObject
 0001:0004CB44       Controls..TDragControlObjectEx
 0001:0004CBE0       Controls..TDragDockObject
 0001:0004CCB4       Controls..TDragDockObjectEx
 0001:0004EF60       Controls..TDragImageList
 0001:0004C92C       Controls..TDragObject
 0001:0004EB14       Controls..TGraphicControl
 0001:0004EDC0       Controls..THintWindow
 0001:0004F038       Controls..TImageList
 0001:0004D368       Controls..TMargins
 0001:0004F494       Controls..TMouse
 0001:0004D48C       Controls..TPadding
 0001:00050154       Controls..TSiteList
 0001:0004D210       Controls..TSizeConstraints
 0001:0004E6E8       Controls..TWinControl
 0001:0004E2B8       Controls..TWinControlActionLink
 0001:000507D4       Controls.AbsMin
 0004:0000515C       Controls.ActiveDrag
 0001:00056F40       Controls.AlignNestedControls
 0001:00056EEC       Controls.AlignWork
 0003:00001920       Controls.AnchorAlign
 0003:00001914       Controls.AnimateWindowProc
 0003:00001A1C       Controls.AnimationStyle
 0001:00053864       Controls.BackgroundClipped
 0001:00060F14       Controls.CalcSplitterPos
 0001:00051864       Controls.CancelDrag
 0004:00005170       Controls.CanvasList
 0003:000019D8       Controls.CaptureControl
 0001:0004FA6C       Controls.ChangeBiDiModeAlignment
 0001:000514CC       Controls.CheckUndock
 0001:0005DC44       Controls.ClientToWindow
 0004:0000512E       Controls.ControlAtom
 0004:00005134       Controls.ControlAtomString
 0002:000006C4       Controls.Controls
 0003:0000191C       Controls.CreationControl
 0003:00001A14       Controls.Ctl3DStyles
 0003:00001928       Controls.Cursors
 0001:0004FF34       Controls.CursorToIdent
 0003:00001918       Controls.DefaultDockTreeClass
 0001:000582AC       Controls.DestroyChildWindow
 0001:000571B8       Controls.DoAdjustSize
 0001:00056D60       Controls.DoAlign
 0001:0005C3E0       Controls.DoCalcConstraints
 0004:00005164       Controls.DockSiteList
 0001:00059180       Controls.DoControlMsg
 0001:00050DD4       Controls.DoDragOver
 0001:0005E934       Controls.DoFindControlZone
 0001:0005F05C       Controls.DoFindZone
 0001:0005E9B8       Controls.DoForEach
 0001:000606E0       Controls.DoGetNextLimit
 0001:0006180C       Controls.DoneControls
 0001:00056D18       Controls.DoPosition
 0001:0005FB7C       Controls.DoPrune
 0001:000600C4       Controls.DoSaveZone
 0001:000603C8       Controls.DoSetNewBounds
 0001:00057F40       Controls.DoWriteDesignSize
 0001:00054C48       Controls.DoWriteExplicit
 0001:00054C14       Controls.DoWriteIsControl
 0004:00005148       Controls.DragCapture
 0004:0000513C       Controls.DragControl
 0001:00051540       Controls.DragDone
 0001:00050D84       Controls.DragFindTarget
 0001:00050D58       Controls.DragFindWindow
 0004:00005160       Controls.DragImageList
 0001:00051198       Controls.DragInit
 0001:00051308       Controls.DragInitControl
 0004:00005144       Controls.DragInternalObject
 0001:00050CA0       Controls.DragMessage
 0004:00005140       Controls.DragObject
 0004:0000516C       Controls.DragSave
 0004:00005154       Controls.DragSaveCursor
 0004:0000514C       Controls.DragStartPos
 0004:00005158       Controls.DragThreshold
 0001:00050EB0       Controls.DragTo
 0001:0005F600       Controls.DrawCloseButton
 0001:0005F694       Controls.DrawGrabberLine
 0001:0005F71C       Controls.DrawThemedGrabber
 0001:00059630       Controls.DrawThemeEdge
 0003:00001A04       Controls.EdgeStyles
 0001:00062E48       Controls.Finalization
 0001:0004FBC4       Controls.FindControl
 0001:000518B0       Controls.FindDragTarget
 0001:0005187C       Controls.FindVCLWindow
 0004:00005174       Controls.FlagControl
 0001:00051974       Controls.FreeDeviceContext
 0001:00051A30       Controls.FreeDeviceContexts
 0001:000500E8       Controls.GetCaptureControl
 0001:00056B88       Controls.GetClientSize
 0001:000587B8       Controls.GetControlAtPos
 0001:000607C0       Controls.GetDockAlign
 0001:00050AF8       Controls.GetDockSiteAtPos
 0001:00050E10       Controls.GetDropCtl
 0001:0005E660       Controls.GetLastChildZone
 0001:0004FF9C       Controls.GetLongHint
 0001:0004FF54       Controls.GetShortHint
 0001:00050200       Controls.GetTopParent
 0001:0006083C       Controls.HideZone
 0001:0004FF44       Controls.IdentToCursor
 0003:00001A44       Controls.IMM32DLL
 0001:000617F8       Controls.Imm32IsIME
 0001:000618AC       Controls.InitControls
 0001:000613C4       Controls.InitIMM32
 0001:0004FA80       Controls.InitWndProc
 0003:000019E4       Controls.InnerStyles
 0001:00056BE8       Controls.InsertBefore
 0001:000508B8       Controls.IsBeforeTargetWindow
 0001:00050CF8       Controls.IsDelphiHandle
 0001:0005E078       Controls.IsOrientationSet
 0001:00050AB4       Controls.IsSiteChildOfClient
 0001:0004FC20       Controls.IsVCLControl
 0004:0000511C       Controls.IsVCLControlHook
 0001:000628CC       Controls.LatestHintWindow
 0001:000518FC       Controls.ListAdd
 0001:00051924       Controls.ListRemove
 0003:00001A30       Controls.MakeLast
 0001:00055DDC       Controls.MinVar
 0003:00001A48       Controls.ModeMap
 0004:00005118       Controls.Mouse
 0001:00051944       Controls.MoveWindowOrg
 0004:00005124       Controls.NewStyleControls
 0001:0005E05C       Controls.NextVisibleZone
 0001:0004FB90       Controls.ObjectFromHWnd
 0003:00001A28       Controls.OrientArray
 0003:000019F4       Controls.OuterStyles
 0001:0005E488       Controls.ParentNotLast
 0001:00050034       Controls.PerformBufferedPrintClient
 0001:0004FFE4       Controls.PerformEraseBackground
 0001:00057F2C       Controls.PointsEqual
 0004:00005168       Controls.QualifyingSites
 0001:0005F1F8       Controls.ReadControlName
 0001:00050C44       Controls.RegisterDockSite
 0004:00005138       Controls.RM_GetObjectInstance
 0001:0004FC50       Controls.SendAppMessage
 0001:00050110       Controls.SetCaptureControl
 0001:00061720       Controls.SetImeMode
 0001:00055718       Controls.SetParentColor
 0003:000019DC       Controls.ShowFlags
 0001:000608BC       Controls.ShowZone
 0003:00001A3C       Controls.SizeCursors
 0001:000505D4       Controls.TBaseDragControlObject.Assign
 0001:00050598       Controls.TBaseDragControlObject.Create
 0001:00050600       Controls.TBaseDragControlObject.EndDrag
 0001:00050624       Controls.TBaseDragControlObject.Finished
 0001:00055B0C       Controls.TControl.ActionChange
 0001:00055EFC       Controls.TControl.AdjustSize
 0001:00055D30       Controls.TControl.AssignTo
 0001:00053BB4       Controls.TControl.BeginAutoDrag
 0001:00053BD0       Controls.TControl.BeginDrag
 0001:000536C4       Controls.TControl.BringToFront
 0001:00054630       Controls.TControl.CalcCursorPos
 0001:000547D4       Controls.TControl.CalcDockSizes
 0001:00054530       Controls.TControl.CanAutoSize
 0001:00054534       Controls.TControl.CanResize
 0001:0005303C       Controls.TControl.Changed
 0001:0005304C       Controls.TControl.ChangeScale
 0001:0005525C       Controls.TControl.CheckNewSize
 0001:00055048       Controls.TControl.Click
 0001:00056138       Controls.TControl.ClientToParent
 0001:00052E40       Controls.TControl.ClientToScreen
 0001:00055820       Controls.TControl.CMBiDiModeChanged
 0001:0005570C       Controls.TControl.CMColorChanged
 0001:00055998       Controls.TControl.CMDesignHitTest
 0001:000556F4       Controls.TControl.CMEnabledChanged
 0001:00055AAC       Controls.TControl.CMFloat
 0001:00055700       Controls.TControl.CMFontChanged
 0001:00055F88       Controls.TControl.CMHintShow
 0001:000558C8       Controls.TControl.CMHitTest
 0001:00056248       Controls.TControl.CMMouseActivate
 0001:000558D0       Controls.TControl.CMMouseEnter
 0001:00055934       Controls.TControl.CMMouseLeave
 0001:000557B0       Controls.TControl.CMMouseWheel
 0001:0005578C       Controls.TControl.CMParentBiDiModeChanged
 0001:00055750       Controls.TControl.CMParentColorChanged
 0001:00055878       Controls.TControl.CMParentFontChanged
 0001:0005583C       Controls.TControl.CMParentShowHintChanged
 0001:000558A8       Controls.TControl.CMSysFontChanged
 0001:000556CC       Controls.TControl.CMVisibleChanged
 0001:00054600       Controls.TControl.ConstrainedResize
 0001:000521B0       Controls.TControl.Create
 0001:000559A0       Controls.TControl.CreateFloatingDockSite
 0001:000550C0       Controls.TControl.DblClick
 0001:0005405C       Controls.TControl.DefaultDockImage
 0001:00054B60       Controls.TControl.DefaultHandler
 0001:00054E68       Controls.TControl.DefineProperties
 0001:0005465C       Controls.TControl.DesignWndProc
 0001:000522C0       Controls.TControl.Destroy
 0001:00055C0C       Controls.TControl.DoActionChange
 0001:00054564       Controls.TControl.DoCanAutoSize
 0001:000545D0       Controls.TControl.DoCanResize
 0001:00052B14       Controls.TControl.Dock
 0001:00053E48       Controls.TControl.DockTrackNoTarget
 0001:00054690       Controls.TControl.DoConstrainedResize
 0001:00054524       Controls.TControl.DoConstraintsChange
 0001:000560F8       Controls.TControl.DoContextPopup
 0001:00052C40       Controls.TControl.DoDock
 0001:000541A8       Controls.TControl.DoDragMsg
 0001:00053E60       Controls.TControl.DoEndDock
 0001:00053D48       Controls.TControl.DoEndDrag
 0001:0005626C       Controls.TControl.DoMarginChange
 0001:00053EBC       Controls.TControl.DoMouseActivate
 0001:00055118       Controls.TControl.DoMouseDown
 0001:0005548C       Controls.TControl.DoMouseUp
 0001:00053EF0       Controls.TControl.DoMouseWheel
 0001:00053FC4       Controls.TControl.DoMouseWheelDown
 0001:00054010       Controls.TControl.DoMouseWheelUp
 0001:00053E8C       Controls.TControl.DoStartDock
 0001:00053D28       Controls.TControl.DoStartDrag
 0001:00053CB0       Controls.TControl.DragCanceled
 0001:00053CFC       Controls.TControl.DragDrop
 0001:00053CB4       Controls.TControl.Dragging
 0001:00053CC0       Controls.TControl.DragOver
 0001:00054188       Controls.TControl.DrawDragDockImage
 0001:00055F1C       Controls.TControl.DrawTextBiDiModeFlags
 0001:00055F5C       Controls.TControl.DrawTextBiDiModeFlagsReadingOnly
 0001:00054198       Controls.TControl.EraseDragDockImage
 0001:000534D4       Controls.TControl.FontChanged
 0001:00052450       Controls.TControl.GetAction
 0001:00055C30       Controls.TControl.GetActionLinkClass
 0001:00056280       Controls.TControl.GetAlignWithMargins
 0001:00052CD0       Controls.TControl.GetBoundsRect
 0001:00052D70       Controls.TControl.GetClientHeight
 0001:00052DB0       Controls.TControl.GetClientOrigin
 0001:00052D14       Controls.TControl.GetClientRect
 0001:00052D2C       Controls.TControl.GetClientWidth
 0001:00053B64       Controls.TControl.GetControlsAlignment
 0001:000547AC       Controls.TControl.GetCustomHint
 0001:000537BC       Controls.TControl.GetDeviceContext
 0001:00055E18       Controls.TControl.GetDockEdge
 0001:00052394       Controls.TControl.GetDragImages
 0001:000525E0       Controls.TControl.GetDragMode
 0001:00052398       Controls.TControl.GetEnabled
 0001:00055EC8       Controls.TControl.GetFloating
 0001:00055EF4       Controls.TControl.GetFloatingDockSiteClass
 0001:0005368C       Controls.TControl.GetMouseCapture
 0001:000523A0       Controls.TControl.GetPalette
 0001:000523AC       Controls.TControl.GetParentComponent
 0001:00055258       Controls.TControl.GetPopupMenu
 0001:0005341C       Controls.TControl.GetText
 0001:000533C4       Controls.TControl.GetTextBuf
 0001:000533B4       Controls.TControl.GetTextLen
 0001:000533D0       Controls.TControl.GetUndockHeight
 0001:000533E4       Controls.TControl.GetUndockWidth
 0001:000523A4       Controls.TControl.HasParent
 0001:00055F78       Controls.TControl.InitiateAction
 0001:00053980       Controls.TControl.Invalidate
 0001:000538EC       Controls.TControl.InvalidateControl
 0001:0005257C       Controls.TControl.IsAnchorsStored
 0001:00053548       Controls.TControl.IsBiDiModeStored
 0001:00055C38       Controls.TControl.IsCaptionStored
 0001:00053620       Controls.TControl.IsColorStored
 0001:00055C58       Controls.TControl.IsEnabledStored
 0001:00053528       Controls.TControl.IsFontStored
 0001:00055C98       Controls.TControl.IsHelpContextStored
 0001:00055C78       Controls.TControl.IsHintStored
 0001:00055CD8       Controls.TControl.IsOnClickStored
 0001:0005353C       Controls.TControl.IsShowHintStored
 0001:00055CB8       Controls.TControl.IsVisibleStored
 0001:00055CF8       Controls.TControl.Loaded
 0001:00054298       Controls.TControl.ManualDock
 0001:00054484       Controls.TControl.ManualFloat
 0001:00053994       Controls.TControl.MouseActivate
 0001:000550E0       Controls.TControl.MouseDown
 0001:000553A8       Controls.TControl.MouseMove
 0001:00055454       Controls.TControl.MouseUp
 0001:000539DC       Controls.TControl.MouseWheelHandler
 0001:000526AC       Controls.TControl.Notification
 0001:000523D8       Controls.TControl.PaletteChanged
 0001:00054798       Controls.TControl.Perform
 0001:00054764       Controls.TControl.Perform
 0001:00053D74       Controls.TControl.PositionDockRect
 0001:0005635C       Controls.TControl.ReadExplicitHeight
 0001:00056374       Controls.TControl.ReadExplicitLeft
 0001:00056344       Controls.TControl.ReadExplicitTop
 0001:0005631C       Controls.TControl.ReadExplicitWidth
 0001:00054BF4       Controls.TControl.ReadIsControl
 0001:00052608       Controls.TControl.ReadState
 0001:00053A5C       Controls.TControl.Refresh
 0001:00053A68       Controls.TControl.Repaint
 0001:000525D0       Controls.TControl.RequestAlign
 0001:000525E8       Controls.TControl.Resize
 0001:00052E6C       Controls.TControl.ScaleConstraints
 0001:00052EF0       Controls.TControl.ScaleMargins
 0001:00052F74       Controls.TControl.ScreenToClient
 0001:00052FA0       Controls.TControl.SendCancelMode
 0001:00052FD0       Controls.TControl.SendDockNotification
 0001:00052500       Controls.TControl.SetAction
 0001:00052714       Controls.TControl.SetAlign
 0001:00056288       Controls.TControl.SetAlignWithMargins
 0001:00052460       Controls.TControl.SetAnchors
 0001:00053214       Controls.TControl.SetAutoSize
 0001:000534B8       Controls.TControl.SetBiDiMode
 0001:000527FC       Controls.TControl.SetBounds
 0001:00052CF0       Controls.TControl.SetBoundsRect
 0001:00052D88       Controls.TControl.SetClientHeight
 0001:000532D0       Controls.TControl.SetClientSize
 0001:00052D44       Controls.TControl.SetClientWidth
 0001:000535D4       Controls.TControl.SetColor
 0001:0005612C       Controls.TControl.SetConstraints
 0001:00053670       Controls.TControl.SetCursor
 0001:00053784       Controls.TControl.SetCustomHint
 0001:00052594       Controls.TControl.SetDesignVisible
 0001:000525CC       Controls.TControl.SetDragMode
 0001:0005339C       Controls.TControl.SetEnabled
 0001:00053518       Controls.TControl.SetFont
 0001:00052AE0       Controls.TControl.SetHeight
 0001:00052C98       Controls.TControl.SetHelpContext
 0001:00052CAC       Controls.TControl.SetHelpKeyword
 0001:00052A44       Controls.TControl.SetLeft
 0001:00056274       Controls.TControl.SetMargins
 0001:0005369C       Controls.TControl.SetMouseCapture
 0001:0005322C       Controls.TControl.SetName
 0001:00053318       Controls.TControl.SetParent
 0001:0005364C       Controls.TControl.SetParentBiDiMode
 0001:00053628       Controls.TControl.SetParentColor
 0001:000523B0       Controls.TControl.SetParentComponent
 0001:000535C4       Controls.TControl.SetParentCustomHint
 0001:00053550       Controls.TControl.SetParentFont
 0001:00053598       Controls.TControl.SetParentShowHint
 0001:000533F8       Controls.TControl.SetPopupMenu
 0001:00053574       Controls.TControl.SetShowHint
 0001:00053454       Controls.TControl.SetText
 0001:0005289C       Controls.TControl.SetTextBuf
 0001:00052A78       Controls.TControl.SetTop
 0001:00053364       Controls.TControl.SetVisible
 0001:00052AAC       Controls.TControl.SetWidth
 0001:00053760       Controls.TControl.SetZOrder
 0001:000536D8       Controls.TControl.SetZOrderPosition
 0001:00053A44       Controls.TControl.Update
 0001:000528C0       Controls.TControl.UpdateAnchorRules
 0001:00054848       Controls.TControl.UpdateBoundsRect
 0001:000562B8       Controls.TControl.UpdateExplicitBounds
 0001:00053B80       Controls.TControl.UseRightToLeftAlignment
 0001:00053B68       Controls.TControl.UseRightToLeftReading
 0001:00053B98       Controls.TControl.UseRightToLeftScrollBar
 0001:00054878       Controls.TControl.VisibleChanging
 0001:000555DC       Controls.TControl.WMCancelMode
 0001:00055FB8       Controls.TControl.WMContextMenu
 0001:00055204       Controls.TControl.WMLButtonDblClk
 0001:0005519C       Controls.TControl.WMLButtonDown
 0001:000554C4       Controls.TControl.WMLButtonUp
 0001:0005537C       Controls.TControl.WMMButtonDblClk
 0001:00055350       Controls.TControl.WMMButtonDown
 0001:00055564       Controls.TControl.WMMButtonUp
 0001:000553DC       Controls.TControl.WMMouseMove
 0001:00055584       Controls.TControl.WMMouseWheel
 0001:000551E8       Controls.TControl.WMNCLButtonDown
 0001:00055324       Controls.TControl.WMRButtonDblClk
 0001:000552F8       Controls.TControl.WMRButtonDown
 0001:00055544       Controls.TControl.WMRButtonUp
 0001:0005561C       Controls.TControl.WMWindowPosChanged
 0001:0005487C       Controls.TControl.WndProc
 0001:000562FC       Controls.TControl.WriteExplicitHeight
 0001:0005630C       Controls.TControl.WriteExplicitLeft
 0001:000562EC       Controls.TControl.WriteExplicitTop
 0001:00056334       Controls.TControl.WriteExplicitWidth
 0001:00054C08       Controls.TControl.WriteIsControl
 0001:00051D4C       Controls.TControlActionLink.AssignClient
 0001:00051D68       Controls.TControlActionLink.DoShowHint
 0001:00051E64       Controls.TControlActionLink.IsCaptionLinked
 0001:00051ED8       Controls.TControlActionLink.IsDropdownMenuLinked
 0001:00051EEC       Controls.TControlActionLink.IsEnabledLinked
 0001:00051F20       Controls.TControlActionLink.IsEnableDropdownLinked
 0001:000520C4       Controls.TControlActionLink.IsHelpLinked
 0001:00051F34       Controls.TControlActionLink.IsHintLinked
 0001:00051FE0       Controls.TControlActionLink.IsOnExecuteLinked
 0001:00051F6C       Controls.TControlActionLink.IsPopupMenuLinked
 0001:00051FAC       Controls.TControlActionLink.IsVisibleLinked
 0001:00052008       Controls.TControlActionLink.SetCaption
 0001:00052028       Controls.TControlActionLink.SetDropdownMenu
 0001:0005202C       Controls.TControlActionLink.SetEnabled
 0001:00052050       Controls.TControlActionLink.SetEnableDropdown
 0001:0005214C       Controls.TControlActionLink.SetHelpContext
 0001:0005212C       Controls.TControlActionLink.SetHelpKeyword
 0001:0005216C       Controls.TControlActionLink.SetHelpType
 0001:00052054       Controls.TControlActionLink.SetHint
 0001:00052098       Controls.TControlActionLink.SetOnExecute
 0001:0005218C       Controls.TControlActionLink.SetPopupMenu
 0001:00052078       Controls.TControlActionLink.SetVisible
 0001:00051B08       Controls.TControlCanvas.CreateHandle
 0001:00051ADC       Controls.TControlCanvas.Destroy
 0001:00051BB0       Controls.TControlCanvas.FreeHandle
 0001:00051BE4       Controls.TControlCanvas.SetControl
 0001:00051BFC       Controls.TControlCanvas.UpdateTextFlags
 0001:0005DF00       Controls.TCustomControl.Create
 0001:0005DF5C       Controls.TCustomControl.Destroy
 0001:0005E058       Controls.TCustomControl.Paint
 0001:0005DFAC       Controls.TCustomControl.PaintWindow
 0001:0005DF8C       Controls.TCustomControl.WMPaint
 0001:000622B4       Controls.TCustomHint.Create
 0001:00062304       Controls.TCustomHint.Destroy
 0001:0006235C       Controls.TCustomHint.HideHint
 0001:00062350       Controls.TCustomHint.HideHint
 0001:00062364       Controls.TCustomHint.NCPaintHint
 0001:00062368       Controls.TCustomHint.Notification
 0001:00062394       Controls.TCustomHint.PaintHint
 0001:00062174       Controls.TCustomHint.SetHintSize
 0001:0006229C       Controls.TCustomHint.SetImages
 0001:00062590       Controls.TCustomHint.ShowAnotherHint
 0001:0006274C       Controls.TCustomHint.ShowHint
 0001:00062598       Controls.TCustomHint.ShowHint
 0001:000626B4       Controls.TCustomHint.ShowHint
 0001:00062788       Controls.TCustomHintShowHideThread.Create
 0001:0006280C       Controls.TCustomHintShowHideThread.Destroy
 0001:000629D4       Controls.TCustomHintShowHideThread.Execute
 0001:00062E30       Controls.TCustomHintShowHideThread.QueHintWindow
 0001:00062E3C       Controls.TCustomHintShowHideThread.ResumeWork
 0001:00061EB0       Controls.TCustomHintWindow.AutoSize
 0001:00061EC0       Controls.TCustomHintWindow.CMTextChanged
 0001:00061EC8       Controls.TCustomHintWindow.Create
 0001:00061F4C       Controls.TCustomHintWindow.CreateParams
 0001:00061F68       Controls.TCustomHintWindow.CreateWnd
 0001:00061FC0       Controls.TCustomHintWindow.NCPaint
 0001:00061FD8       Controls.TCustomHintWindow.Paint
 0001:00062004       Controls.TCustomHintWindow.PositionAt
 0001:000620A8       Controls.TCustomHintWindow.PositionAt
 0001:00061FE8       Controls.TCustomHintWindow.PositionAtCursor
 0001:000620E4       Controls.TCustomHintWindow.WMNCHitTest
 0001:000620EC       Controls.TCustomHintWindow.WMNCPaint
 0001:00062150       Controls.TCustomHintWindow.WMPrint
 0001:00061AC8       Controls.TCustomListControl.MoveSelection
 0001:00060D14       Controls.TDockTree.ActualSize
 0001:0005E904       Controls.TDockTree.AdjustDockRect
 0001:00060DA8       Controls.TDockTree.AdjustFrameRect
 0001:0005E91C       Controls.TDockTree.BeginUpdate
 0001:000609F4       Controls.TDockTree.ControlVisibilityChanged
 0001:0005E744       Controls.TDockTree.Create
 0001:0005E8AC       Controls.TDockTree.Destroy
 0001:000605F4       Controls.TDockTree.DrawSizeSplitter
 0001:0005E920       Controls.TDockTree.EndUpdate
 0001:0005EFD4       Controls.TDockTree.FindControlAtPos
 0001:0005E98C       Controls.TDockTree.FindControlZone
 0001:0005E9F4       Controls.TDockTree.ForEachAt
 0001:0005EA0C       Controls.TDockTree.GetControlBounds
 0001:00060770       Controls.TDockTree.GetNextLimit
 0001:0005EA84       Controls.TDockTree.HitTest
 0001:0005EA94       Controls.TDockTree.InsertControl
 0001:0005ECB0       Controls.TDockTree.InsertNewParent
 0001:0005EE58       Controls.TDockTree.InsertSibling
 0001:0005F170       Controls.TDockTree.InternalHitTest
 0001:0005F2AC       Controls.TDockTree.LoadFromStream
 0001:00060DE8       Controls.TDockTree.MouseDown
 0001:00060FA4       Controls.TDockTree.MouseMove
 0001:00060FF4       Controls.TDockTree.MouseUp
 0001:0005F778       Controls.TDockTree.PaintDockFrame
 0001:0005F8CC       Controls.TDockTree.PaintSite
 0001:0005FA00       Controls.TDockTree.PositionDockRect
 0001:0005FBB0       Controls.TDockTree.PruneZone
 0001:00060D7C       Controls.TDockTree.ReferenceFromOrient
 0001:00060D44       Controls.TDockTree.RelativeSize
 0001:0005FC0C       Controls.TDockTree.RemoveControl
 0001:0005FC4C       Controls.TDockTree.RemoveZone
 0001:0005FEEC       Controls.TDockTree.ResetBounds
 0001:000601D8       Controls.TDockTree.SaveToStream
 0001:0005FFD0       Controls.TDockTree.ScaleZone
 0001:00060450       Controls.TDockTree.SetNewBounds
 0001:00060480       Controls.TDockTree.SetReplacingControl
 0001:00060498       Controls.TDockTree.ShiftZone
 0001:00061068       Controls.TDockTree.ShowHint
 0001:000604CC       Controls.TDockTree.SplitterMouseDown
 0001:0006052C       Controls.TDockTree.SplitterMouseUp
 0001:000605A8       Controls.TDockTree.UpdateAll
 0001:000605D0       Controls.TDockTree.UpdateZone
 0001:000605E0       Controls.TDockTree.WindowProc
 0001:00060A7C       Controls.TDockTree.WndProc
 0001:0005EED0       Controls.TDockTree.ZoneCaptionHitTest
 0001:0005E09C       Controls.TDockZone.Create
 0001:0005E670       Controls.TDockZone.ExpandZoneLimit
 0001:0005E738       Controls.TDockZone.FirstVisibleChild
 0001:0005E0D8       Controls.TDockZone.GetChildCount
 0001:0005E3BC       Controls.TDockZone.GetControlName
 0001:0005E25C       Controls.TDockZone.GetHeightWidth
 0001:0005E148       Controls.TDockZone.GetLimitBegin
 0001:0005E190       Controls.TDockZone.GetLimitSize
 0001:0005E1D8       Controls.TDockZone.GetTopLeft
 0001:0005E110       Controls.TDockZone.GetVisible
 0001:0005E0EC       Controls.TDockZone.GetVisibleChildCount
 0001:0005E634       Controls.TDockZone.GetZoneLimit
 0001:0005E710       Controls.TDockZone.NextVisible
 0001:0005E71C       Controls.TDockZone.PrevVisible
 0001:0005E314       Controls.TDockZone.ResetChildren
 0001:0005E6B0       Controls.TDockZone.ResetZoneLimits
 0001:0005E404       Controls.TDockZone.SetControlName
 0001:0005E65C       Controls.TDockZone.SetZoneLimit
 0001:0005E4B8       Controls.TDockZone.Update
 0001:00050658       Controls.TDragControlObject.GetDragCursor
 0001:00050670       Controls.TDragControlObject.GetDragImages
 0001:0005067C       Controls.TDragControlObject.HideDragImage
 0001:0005069C       Controls.TDragControlObject.ShowDragImage
 0001:000506BC       Controls.TDragControlObjectEx.BeforeDestruction
 0001:000507F8       Controls.TDragDockObject.AdjustDockRect
 0001:00050758       Controls.TDragDockObject.Assign
 0001:000506C0       Controls.TDragDockObject.Create
 0001:00050728       Controls.TDragDockObject.Destroy
 0001:00050874       Controls.TDragDockObject.DrawDragDockImage
 0001:000507B8       Controls.TDragDockObject.EndDrag
 0001:00050888       Controls.TDragDockObject.EraseDragDockImage
 0001:0005089C       Controls.TDragDockObject.GetDragCursor
 0001:000508A8       Controls.TDragDockObject.GetEraseWhenMoving
 0001:000508AC       Controls.TDragDockObject.GetFrameWidth
 0001:000508B4       Controls.TDragDockObjectEx.BeforeDestruction
 0001:0005DD38       Controls.TDragImageList.BeginDrag
 0001:0005DDB0       Controls.TDragImageList.DragLock
 0001:0005DE38       Controls.TDragImageList.DragMove
 0001:0005DE14       Controls.TDragImageList.DragUnlock
 0001:0005DEAC       Controls.TDragImageList.EndDrag
 0001:0005DD0C       Controls.TDragImageList.GetHotSpot
 0001:0005DE94       Controls.TDragImageList.HideDragImage
 0001:0005DC84       Controls.TDragImageList.Initialize
 0001:0005DCE8       Controls.TDragImageList.SetDragCursor
 0001:0005DC9C       Controls.TDragImageList.SetDragImage
 0001:0005DE7C       Controls.TDragImageList.ShowDragImage
 0001:00050588       Controls.TDragObject.AfterConstruction
 0001:00050348       Controls.TDragObject.Assign
 0001:00050578       Controls.TDragObject.BeforeDestruction
 0001:00050388       Controls.TDragObject.Capture
 0001:000503A0       Controls.TDragObject.Finished
 0001:00050504       Controls.TDragObject.GetDragCursor
 0001:00050500       Controls.TDragObject.GetDragImages
[...]
 0004:00002B44       Character.NumIndexSecondary
 0004:00002B48       Character.NumericValueTable
 0004:00002B4C       SysUtils.Exception.GetExceptionStackInfoProc
 0004:00002B50       SysUtils.Exception.CleanUpStackInfoProc
 0004:00002B54       SysUtils.CurrencyString
 0004:00002B58       SysUtils.CurrencyFormat
 0004:00002B59       SysUtils.NegCurrFormat
 0004:00002B5A       SysUtils.ThousandSeparator
 0004:00002B5C       SysUtils.DecimalSeparator
 0004:00002B5E       SysUtils.CurrencyDecimals
 0004:00002B60       SysUtils.DateSeparator
 0004:00002B64       SysUtils.ShortDateFormat
 0004:00002B68       SysUtils.LongDateFormat
 0004:00002B6C       SysUtils.TimeSeparator
 0004:00002B70       SysUtils.TimeAMString
 0004:00002B74       SysUtils.TimePMString
 0004:00002B78       SysUtils.ShortTimeFormat
 0004:00002B7C       SysUtils.LongTimeFormat
 0004:00002B80       SysUtils.ShortMonthNames
 0004:00002BB0       SysUtils.LongMonthNames
 0004:00002BE0       SysUtils.ShortDayNames
 0004:00002BFC       SysUtils.LongDayNames
 0004:00002C18       SysUtils.SysLocale
 0004:00002C26       SysUtils.ListSeparator
 0004:00002C28       SysUtils.EraNames
 0004:00002C44       SysUtils.EraYearOffsets
 0004:00002C60       SysUtils.TrueBoolStrs
 0004:00002C64       SysUtils.FalseBoolStrs
 0004:00002C68       SysUtils.TEncoding.FASCIIEncoding
 0004:00002C6C       SysUtils.TEncoding.FBigEndianUnicodeEncoding
 0004:00002C70       SysUtils.TEncoding.FDefaultEncoding
 0004:00002C74       SysUtils.TEncoding.FUnicodeEncoding
 0004:00002C78       SysUtils.TEncoding.FUTF7Encoding
 0004:00002C7C       SysUtils.TEncoding.FUTF8Encoding
 0004:00002C80       SysUtils..36
 0004:00002C84       SysUtils.OutOfMemory
 0004:00002C88       SysUtils.InvalidPointer
 0004:00002C8C       SysUtils.SyncEventCache
 0004:00002D8C       SysUtils.EventCache
 0004:00002D90       SysUtils.EventItemHolders
 0004:00002D94       SysUtils.ValidatedUnitHashBuckets
 0004:00003D88       SysUtils.UnitHashBuckets
 0004:00004D7C       SysUtils.FLanguages
 0004:00004D80       VarUtils.VariantChangeTypeEx
 0004:00004D84       VarUtils.VarNeg
 0004:00004D88       VarUtils.VarNot
 0004:00004D8C       VarUtils.VarAdd
 0004:00004D90       VarUtils.VarSub
 0004:00004D94       VarUtils.VarMul
 0004:00004D98       VarUtils.VarDiv
 0004:00004D9C       VarUtils.VarIDiv
 0004:00004DA0       VarUtils.VarMod
 0004:00004DA4       VarUtils.VarAnd
 0004:00004DA8       VarUtils.VarOr
 0004:00004DAC       VarUtils.VarXor
 0004:00004DB0       VarUtils.VarCmp
 0004:00004DB4       VarUtils.VarI4FromStr
 0004:00004DB8       VarUtils.VarR4FromStr
 0004:00004DBC       VarUtils.VarR8FromStr
 0004:00004DC0       VarUtils.VarDateFromStr
 0004:00004DC4       VarUtils.VarCyFromStr
 0004:00004DC8       VarUtils.VarBoolFromStr
 0004:00004DCC       VarUtils.VarBstrFromCy
 0004:00004DD0       VarUtils.VarBstrFromDate
 0004:00004DD4       VarUtils.VarBstrFromBool
 0004:00004DD8       VarUtils..5
 0004:00004DDC       Variants.EmptyParam
 0004:00004DEC       Variants.VarDispProc
 0004:00004DF0       Variants.ClearAnyProc
 0004:00004DF4       Variants.ChangeAnyProc
 0004:00004DF8       Variants.RefAnyProc
 0004:00004DFC       Variants..81
 0004:00004E00       Variants.LVarTypes
 0004:00004E04       Variants.LVarTypeSync
 0004:00004E1C       TypInfo..5
 0004:00004E20       Classes.GlobalNameSpace
 0004:00004E24       Classes.IsUniqueGlobalComponentNameProc
 0004:00004E28       Classes.SyncEvent
 0004:00004E2C       Classes..66
 0004:00004E30       Classes.IntConstList
 0004:00004E34       Classes.RegGroups
 0004:00004E38       Classes.FindGlobalComponentProcs
 0004:00004E3C       Classes.GlobalFixupList
 0004:00004E40       Classes.ThreadLock
 0004:00004E58       Classes.ThreadCount
 0004:00004E5C       Classes.ExternalThreads
 0004:00004E60       Classes.InstBlockList
 0004:00004E64       Classes.InstFreeList
 0004:00004E68       HelpIntfs..2
 0004:00004E6C       HelpIntfs.HelpManager
 0004:00004E70       MultiMon.GetSystemMetrics
 0004:00004E74       MultiMon.MonitorFromWindow
 0004:00004E78       MultiMon.MonitorFromRect
 0004:00004E7C       MultiMon.MonitorFromPoint
 0004:00004E80       MultiMon.GetMonitorInfo
 0004:00004E84       MultiMon.GetMonitorInfoA
 0004:00004E88       MultiMon.GetMonitorInfoW
 0004:00004E8C       MultiMon.EnumDisplayMonitors
 0004:00004E90       MultiMon..1
 0004:00004E94       MultiMon.User32Dll
 0004:00004E98       MultiMon.InitApis
 0004:00004EA0       MultiMon.MMAvailable
 0004:00004EA4       CommCtrl.ComCtl32DLL
 0004:00004EA8       CommCtrl._InitCommonControlsEx
 0004:00004EAC       CommCtrl._TaskDialogIndirect
 0004:00004EB0       IniFiles..7
 0004:00004EB4       Registry..5
 0004:00004EB8       Graphics.SystemPalette16
 0004:00004EBC       Graphics..12
 0004:00004EC0       Graphics.ScreenLogPixels
 0004:00004EC4       Graphics.StockPen
 0004:00004EC8       Graphics.StockBrush
 0004:00004ECC       Graphics.StockFont
 0004:00004ED0       Graphics.StockIcon
 0004:00004ED4       Graphics.BitmapImageLock
 0004:00004EEC       Graphics.CounterLock
 0004:00004F04       Graphics.FontManager
 0004:00004F08       Graphics.PenManager
 0004:00004F0C       Graphics.BrushManager
 0004:00004F10       Graphics.CanvasList
 0004:00004F14       Graphics.PatternManager
 0004:00004F18       SyncObjs..01
 0004:00004F1C       SyncObjs.CoWaitForMultipleHandlesProc
 0004:00004F20       SyncObjs.InitializeConditionVariableProc
 0004:00004F24       SyncObjs.SleepConditionVariableCSProc
 0004:00004F28       SyncObjs.WakeConditionVariableProc
 0004:00004F2C       SyncObjs.WakeAllConditionVariableProc
 0004:00004F30       UxTheme.OpenThemeData
 0004:00004F34       UxTheme.CloseThemeData
 0004:00004F38       UxTheme.DrawThemeBackground
 0004:00004F3C       UxTheme.DrawThemeText
 0004:00004F40       UxTheme.GetThemeBackgroundContentRect
 0004:00004F44       UxTheme.GetThemeBackgroundExtent
 0004:00004F48       UxTheme.GetThemePartSize
 0004:00004F4C       UxTheme.GetThemeTextExtent
 0004:00004F50       UxTheme.GetThemeTextMetrics
 0004:00004F54       UxTheme.GetThemeBackgroundRegion
 0004:00004F58       UxTheme.HitTestThemeBackground
 0004:00004F5C       UxTheme.DrawThemeEdge
 0004:00004F60       UxTheme.DrawThemeIcon
 0004:00004F64       UxTheme.IsThemePartDefined
 0004:00004F68       UxTheme.IsThemeBackgroundPartiallyTransparent
 0004:00004F6C       UxTheme.GetThemeColor
 0004:00004F70       UxTheme.GetThemeMetric
 0004:00004F74       UxTheme.GetThemeString
 0004:00004F78       UxTheme.GetThemeBool
 0004:00004F7C       UxTheme.GetThemeInt
 0004:00004F80       UxTheme.GetThemeEnumValue
 0004:00004F84       UxTheme.GetThemePosition
 0004:00004F88       UxTheme.GetThemeFont
 0004:00004F8C       UxTheme.GetThemeRect
 0004:00004F90       UxTheme.GetThemeMargins
 0004:00004F94       UxTheme.GetThemeIntList
 0004:00004F98       UxTheme.GetThemePropertyOrigin
 0004:00004F9C       UxTheme.SetWindowTheme
 0004:00004FA0       UxTheme.GetThemeFilename
 0004:00004FA4       UxTheme.GetThemeSysColor
 0004:00004FA8       UxTheme.GetThemeSysColorBrush
 0004:00004FAC       UxTheme.GetThemeSysBool
 0004:00004FB0       UxTheme.GetThemeSysSize
 0004:00004FB4       UxTheme.GetThemeSysFont
 0004:00004FB8       UxTheme.GetThemeSysString
 0004:00004FBC       UxTheme.GetThemeSysInt
 0004:00004FC0       UxTheme.IsThemeActive
 0004:00004FC4       UxTheme.IsAppThemed
 0004:00004FC8       UxTheme.GetWindowTheme
 0004:00004FCC       UxTheme.EnableThemeDialogTexture
 0004:00004FD0       UxTheme.IsThemeDialogTextureEnabled
 0004:00004FD4       UxTheme.GetThemeAppProperties
 0004:00004FD8       UxTheme.SetThemeAppProperties
 0004:00004FDC       UxTheme.GetCurrentThemeName
 0004:00004FE0       UxTheme.GetThemeDocumentationProperty
 0004:00004FE4       UxTheme.DrawThemeParentBackground
 0004:00004FE8       UxTheme.EnableTheming
 0004:00004FEC       UxTheme..1
 0004:00004FF0       UxTheme.ThemeLibrary
 0004:00004FF4       UxTheme.ReferenceCount
 0004:00004FF8       UxTheme.Lock
 0004:00004FFC       UxTheme._DrawThemeTextEx
 0004:00005000       UxTheme._BeginBufferedPaint
 0004:00005004       UxTheme._EndBufferedPaint
 0004:00005008       UxTheme._BufferedPaintSetAlpha
 0004:0000500C       DwmApi..1
 0004:00005010       DwmApi.hDWMAPI
 0004:00005014       DwmApi._DwmExtendFrameIntoClientArea
 0004:00005018       DwmApi._DwmIsCompositionEnabled
 0004:0000501C       GraphUtil..2
 0004:00005020       GraphUtil.MsImgHandle
 0004:00005024       GraphUtil.MsImgInitialized
 0004:00005028       GraphUtil.GradientFillFunc
 0004:0000502C       Printers..3
 0004:00005030       Clipbrd.CF_PICTURE
 0004:00005032       Clipbrd.CF_COMPONENT
 0004:00005034       Clipbrd..3
 0004:00005038       Clipbrd.FClipboard
 0004:0000503C       Buttons..5
 0004:00005040       Buttons.BitBtnGlyphs
 0004:0000506C       ExtDlgs..6
 0004:00005070       Mapi..1
 0004:00005074       ExtActns..72
 0004:00005078       ExtActns.UrlMonHandle
 0004:0000507C       ExtActns.UrlMonInitialized
 0004:00005080       ExtCtrls.TCustomTrayIcon.RM_TaskbarCreated
 0004:00005084       ExtCtrls..94
 0004:00005088       ComCtrls..96
 0004:0000508C       ComCtrls.ConversionFormatList
 0004:00005090       ComCtrls.ShellModule
 0004:00005094       ComCtrls.FRichEditModule
 0004:00005098       Dialogs..03
 0004:0000509C       Dialogs.HelpMsg
 0004:000050A0       Dialogs.FindMsg
 0004:000050A4       Dialogs.ButtonWidths
 0004:000050D4       FlatSB.FlatSB_EnableScrollBar
 0004:000050D8       FlatSB.FlatSB_ShowScrollBar
 0004:000050DC       FlatSB.FlatSB_GetScrollRange
 0004:000050E0       FlatSB.FlatSB_GetScrollInfo
 0004:000050E4       FlatSB.FlatSB_GetScrollPos
 0004:000050E8       FlatSB.FlatSB_SetScrollPos
 0004:000050EC       FlatSB.FlatSB_SetScrollInfo
 0004:000050F0       FlatSB.FlatSB_SetScrollRange
 0004:000050F4       FlatSB..1
 0004:000050F8       FlatSB._FlatSB_GetScrollProp
 0004:000050FC       FlatSB._FlatSB_SetScrollProp
 0004:00005100       FlatSB._InitializeFlatSB
 0004:00005104       FlatSB._UninitializeFlatSB
 0004:00005108       Menus.PopupList
 0004:0000510C       Menus.ShortCutItems
 0004:00005110       Menus..01
 0004:00005114       Menus.CommandPool
 0004:00005118       Controls.Mouse
 0004:0000511C       Controls.IsVCLControlHook
 0004:00005124       Controls.NewStyleControls
 0004:00005128       Controls..73
 0004:0000512C       Controls.WindowAtom
 0004:0000512E       Controls.ControlAtom
 0004:00005130       Controls.WindowAtomString
 0004:00005134       Controls.ControlAtomString
 0004:00005138       Controls.RM_GetObjectInstance
 0004:0000513C       Controls.DragControl
 0004:00005140       Controls.DragObject
 0004:00005144       Controls.DragInternalObject
 0004:00005148       Controls.DragCapture
 0004:0000514C       Controls.DragStartPos
 0004:00005154       Controls.DragSaveCursor
 0004:00005158       Controls.DragThreshold
 0004:0000515C       Controls.ActiveDrag
 0004:00005160       Controls.DragImageList
 0004:00005164       Controls.DockSiteList
 0004:00005168       Controls.QualifyingSites
 0004:0000516C       Controls.DragSave
 0004:00005170       Controls.CanvasList
 0004:00005174       Controls.FlagControl
 0004:00005178       Controls._WINNLSEnableIME
 0004:0000517C       Controls._ImmGetContext
 0004:00005180       Controls._ImmReleaseContext
 0004:00005184       Controls._ImmGetConversionStatus
 0004:00005188       Controls._ImmSetConversionStatus
 0004:0000518C       Controls._ImmSetOpenStatus
 0004:00005190       Controls._ImmSetCompositionWindow
 0004:00005194       Controls._ImmSetCompositionFont
 0004:00005198       Controls._ImmGetCompositionString
 0004:0000519C       Controls._ImmIsIME
 0004:000051A0       Controls._ImmNotifyIME
 0004:000051A4       Themes..2
 0004:000051A8       Themes.InternalServices
 0004:000051AC       Themes.RM_UnthemedDesigner
 0004:000051B0       ImgList.CachedComCtrlVer
 0004:000051B4       ImgList.ImageListWriteExProc
 0004:000051B8       ActnList..9
 0004:000051BC       Forms.Application
 0004:000051C0       Forms.Screen
 0004:000051C4       Forms..51
 0004:000051C8       Forms.RM_TaskbarCreated
 0004:000051CC       Forms.HintThreadID
 0004:000051D0       Forms.HintDoneEvent
 0004:000051D4       Forms.HintHook
 0004:000051D8       Forms.HintThread
 0004:000051DC       Forms.IdleTimerHandle
 0004:000051E0       Forms.IdleTimerDelegate
 0004:000051E4       ComObj..41
 0004:000051E8       ComObj.OleUninitializing
 0004:000051EC       ComObj.ComClassManagerVar
 0004:000051F0       ComObj.SaveInitProc
 0004:000051F4       ComObj.NeedToUninitialize
 0004:000051F8       OleServer..3
 0004:000051FC       TTS1.Form1
 0005:00000000       System.RaiseListPtr
 0005:00000004       System.InOutRes
 0005:00000008       Classes.GlobalLoaded
 0005:0000000C       Classes.GlobalLists
 0005:00000010       Classes.InternalCurrentThread
 0005:00000014       SyncObjs.OleThreadWnd
 0005:00000018       GraphUtil.CachedHighlightLum
 0005:0000001C       GraphUtil.CachedHighlightColor
 0005:00000020       GraphUtil.CachedHighlight
 0005:00000024       GraphUtil.CachedShadowLum
 0005:00000028       GraphUtil.CachedShadowColor
 0005:0000002C       GraphUtil.CachedShadow
 0005:00000030       GraphUtil.CachedColorValue
 0005:00000034       GraphUtil.CachedLumValue
 0005:00000038       GraphUtil.CachedColorAdjustLuma
 0005:0000003C       SysInit.TlsLast


Line numbers for SpeechLib_TLB(SpeechLib_TLB.pas) segment .text

  8237 0001:00078D44  8238 0001:00078D4C  8243 0001:00078D50  8244 0001:00078D66
  8246 0001:00078D6C  8247 0001:00078D76  8249 0001:00078D86  8258 0001:00078DB8
  8259 0001:00078DBB  8261 0001:00078DC1  8263 0001:00078DC9  8266 0001:00078DCC
  8267 0001:00078DD2  8268 0001:00078DD8  8269 0001:00078DDF  8270 0001:00078DF9
  8271 0001:00078E03  8274 0001:00078FC8  8275 0001:00078FDA  8279 0001:00078FE3
  8282 0001:00079000  8286 0001:0007900B  8287 0001:00079017  8791 0001:00079028
  8792 0001:00079030  8797 0001:00079034  8798 0001:0007904A  8800 0001:00079053
  8801 0001:0007905D  8802 0001:00079067  8804 0001:0007907A  8814 0001:000790AC
  8815 0001:000790AF  8817 0001:000790B8  8818 0001:000790C5  8820 0001:000790D0
  8823 0001:000790D4  8824 0001:000790DA  8825 0001:000790E3  8826 0001:000790EA
  8827 0001:00079107  8828 0001:00079114  8831 0001:000792D8  8832 0001:000792EA
  8836 0001:000792F3  8839 0001:00079310  8843 0001:0007931B  8844 0001:00079327
  8854 0001:00079338  8855 0001:00079353  8856 0001:00079394  8857 0001:00079399
  8858 0001:000793A4  8861 0001:000793C0  8862 0001:000793CB  8865 0001:000793E7
  8866 0001:000793F2  8870 0001:00079424  8871 0001:0007942F  8876 0001:00079467
  8877 0001:00079472  8882 0001:000794A4  8883 0001:000794AF  8888 0001:000794E1
  8889 0001:000794EF  8896 0001:0007953D  8897 0001:0007954B  8904 0001:00079596
  8905 0001:000795A0  8909 0001:000795CA  8910 0001:000795D4  8915 0001:000795FC
  8933 0001:00079638  8934 0001:00079656  8935 0001:0007966B  8936 0001:0007967F
  8949 0001:000796B8  8950 0001:000796D6  8951 0001:000796EB  8952 0001:000796FF
  8955 0001:0007973C  8956 0001:00079755  8957 0001:00079775  8965 0001:00079798
  8966 0001:000797B6  8967 0001:000797CB  8968 0001:000797DF  8976 0001:00079824
  8977 0001:0007983D  8978 0001:00079856  8986 0001:00079878  8987 0001:00079891
  8988 0001:000798AA  8991 0001:000798CC  8992 0001:000798E5  8993 0001:000798FE
  9041 0001:00079920  9042 0001:00079942  9043 0001:00079963  9067 0001:0007998C
  9068 0001:000799A8  9069 0001:000799CE  9073 0001:000799F4  9074 0001:00079A10
  9075 0001:00079A36 12374 0001:00079A5C 12375 0001:00079A64 12380 0001:00079A68
 12381 0001:00079A7E 12383 0001:00079A84 12384 0001:00079A8E 12386 0001:00079A9E
 12395 0001:00079AD0 12396 0001:00079AD3 12398 0001:00079AD9 12400 0001:00079AE1
 12403 0001:00079AE4 12404 0001:00079AEA 12405 0001:00079AF0 12406 0001:00079AF7
 12407 0001:00079B11 12408 0001:00079B1B 12411 0001:00079CE0 12412 0001:00079CF2
 12416 0001:00079CFB 12419 0001:00079D18 12423 0001:00079D23 12424 0001:00079D2F
 12434 0001:00079D40 12435 0001:00079D59 12436 0001:00079D79 12466 0001:00079D9C
 12467 0001:00079DB8 12468 0001:00079DD7 12471 0001:00079DFC 12472 0001:00079E12
 12473 0001:00079E2A 12664 0001:00079E4B

Line numbers for TTS1(TTS1.pas) segment .text

    54 0001:0007A1E8    55 0001:0007A1EC    56 0001:0007A201    57 0001:0007A216
    58 0001:0007A22B    59 0001:0007A240    61 0001:0007A255    62 0001:0007A26A
    63 0001:0007A27F    64 0001:0007A294    65 0001:0007A2A9    66 0001:0007A2BE
    67 0001:0007A2D3    68 0001:0007A2E8    69 0001:0007A2FD    70 0001:0007A312
    71 0001:0007A327    72 0001:0007A33C    73 0001:0007A351    74 0001:0007A366
    75 0001:0007A37B    76 0001:0007A390    77 0001:0007A3A5    78 0001:0007A3BA
    79 0001:0007A3CF    80 0001:0007A3E4    81 0001:0007A3F9    82 0001:0007A40E
    83 0001:0007A423    84 0001:0007A438    85 0001:0007A44D    86 0001:0007A462
    87 0001:0007A477    88 0001:0007A48C    89 0001:0007A4A1    90 0001:0007A4B6
    91 0001:0007A4CB    92 0001:0007A4E0    93 0001:0007A4F5    94 0001:0007A50A
    95 0001:0007A51F    96 0001:0007A534    98 0001:0007A549   100 0001:0007A55E
   101 0001:0007A573   102 0001:0007A588   103 0001:0007A59D   104 0001:0007A5B2
   105 0001:0007A5C7   106 0001:0007A5DC   107 0001:0007A5F1   109 0001:0007A606
   110 0001:0007A61B   111 0001:0007A630   112 0001:0007A645   113 0001:0007A65A
   114 0001:0007A66F   115 0001:0007A684   116 0001:0007A699   118 0001:0007A6AE
   119 0001:0007A6C3   120 0001:0007A6D8   121 0001:0007A6ED   122 0001:0007A702
   123 0001:0007A717   124 0001:0007A72C   125 0001:0007A741   127 0001:0007A756
   128 0001:0007A76B   129 0001:0007A780   130 0001:0007A795   131 0001:0007A7AA
   132 0001:0007A7BF   133 0001:0007A7D2   142 0001:0007B7A4   143 0001:0007B7C6
   144 0001:0007B7D6   145 0001:0007B7E9   146 0001:0007B7FC   148 0001:0007B81E
   149 0001:0007B839   150 0001:0007B874   151 0001:0007B87D   146 0001:0007B880
   152 0001:0007B883   154 0001:0007B898   156 0001:0007B8A8   158 0001:0007B8CA
   159 0001:0007B8E5   160 0001:0007B920   161 0001:0007B929   156 0001:0007B92C
   162 0001:0007B92F   164 0001:0007B944   167 0001:0007B954   168 0001:0007B964
   170 0001:0007B96B   173 0001:0007B9F4   174 0001:0007BA0A   175 0001:0007BA21
   176 0001:0007BA43   180 0001:0007BA64   181 0001:0007BA7B   182 0001:0007BAA2
   183 0001:0007BAB0   186 0001:0007BAD4   187 0001:0007BAEC   188 0001:0007BB18
   192 0001:0007BB44   194 0001:0007BB5B   197 0001:0007BB5C   198 0001:0007BB72
   199 0001:0007BB7F   200 0001:0007BB9B   205 0001:0007BBBC   206 0001:0007BBD3
   207 0001:0007BBFA   208 0001:0007BC08   215 0001:0007BC2C   217 0001:0007BC4B
   218 0001:0007BC59   219 0001:0007BC69   220 0001:0007BC91   222 0001:0007BCAD
   223 0001:0007BCD4   225 0001:0007BCE2   226 0001:0007BCF9   228 0001:0007BD10
   230 0001:0007BD28   231 0001:0007BD51   232 0001:0007BD58   233 0001:0007BD5F
   234 0001:0007BD6C   239 0001:0007BDC0   240 0001:0007BDDA   241 0001:0007BE0F
   242 0001:0007BE17   244 0001:0007BE6F

Line numbers for TTTS(TTTS.dpr) segment .itext

     9 0002:00000850    10 0002:00000860    11 0002:0000086C    12 0002:0000087D
    13 0002:00000895    14 0002:000008A1

Bound resource files

c:\archivos de programa\codegear\rad studio\6.0\lib\character.res
c:\archivos de programa\codegear\rad studio\6.0\lib\Buttons.res
c:\archivos de programa\codegear\rad studio\6.0\lib\ExtDlgs.res
c:\archivos de programa\codegear\rad studio\6.0\lib\Controls.res
TTS1.dfm
TTTS.res
TTTS.drf


Program entry point at 0002:00000850
